PRT1
125
335
4 0 4 (3520 6144 112 ) (3520 6144 1120 ) (3072 6144 1120 ) (3072 6144 112 ) 
4 0 1 (3072 6144 112 ) (3072 6144 1120 ) (3072 6336 1120 ) (3072 6336 112 ) 
4 1 7 (3072 6144 112 ) (3072 6144 1120 ) (2048 6144 1120 ) (2048 6144 112 ) 
4 1 2 (2048 6144 112 ) (2048 6144 1120 ) (2048 6336 1120 ) (2048 6336 112 ) 
4 2 8 (2048 6144 112 ) (2048 6144 1120 ) (1024 6144 1120 ) (1024 6144 112 ) 
4 2 3 (1024 6144 112 ) (1024 6144 1120 ) (1024 6336 1120 ) (1024 6336 112 ) 
4 3 16 (0 6144 112 ) (0 6144 1120 ) (0 6336 1120 ) (0 6336 112 ) 
4 3 9 (1024 6144 112 ) (1024 6144 1120 ) (0 6144 1120 ) (0 6144 112 ) 
4 4 7 (3072 6144 1120 ) (3072 6144 112 ) (3072 5120 112 ) (3072 5120 1120 ) 
4 4 5 (3520 5120 1120 ) (3072 5120 1120 ) (3072 5120 112 ) (3520 5120 112 ) 
4 5 10 (3072 4096 112 ) (3072 4096 1120 ) (3072 5120 1120 ) (3072 5120 112 ) 
4 5 6 (3072 4096 1120 ) (3072 4096 112 ) (3520 4096 112 ) (3520 4096 1120 ) 
4 6 37 (3520 3072 112 ) (3520 3072 1120 ) (3072 3072 1120 ) (3072 3072 112 ) 
4 6 11 (3072 3072 112 ) (3072 3072 1120 ) (3072 4096 1120 ) (3072 4096 112 ) 
4 7 10 (3072 5120 112 ) (3072 5120 1120 ) (2048 5120 1120 ) (2048 5120 112 ) 
4 7 8 (2048 6144 1120 ) (2048 6144 112 ) (2048 5120 112 ) (2048 5120 1120 ) 
4 8 12 (2048 5120 112 ) (2048 5120 1120 ) (1024 5120 1120 ) (1024 5120 112 ) 
4 8 9 (1024 5120 112 ) (1024 5120 1120 ) (1024 6144 1120 ) (1024 6144 112 ) 
4 9 21 (0 5120 112 ) (0 5120 1120 ) (0 5728 1120 ) (0 5728 112 ) 
4 9 20 (0 5728 1120 ) (0 6144 1120 ) (0 6144 112 ) (0 5728 112 ) 
4 9 13 (1024 5120 112 ) (1024 5120 1120 ) (0 5120 1120 ) (0 5120 112 ) 
4 10 12 (2048 5120 1120 ) (2048 5120 112 ) (2048 4096 112 ) (2048 4096 1120 ) 
4 10 11 (3072 4096 112 ) (3072 4096 1120 ) (2048 4096 1120 ) (2048 4096 112 ) 
4 11 48 (2333 3072 522 ) (2319 3072 522 ) (2319 3072 112 ) (2333 3072 112 ) 
4 11 47 (3072 3072 112 ) (3072 3072 522 ) (2333 3072 522 ) (2333 3072 112 ) 
4 11 51 (2319 3072 522 ) (2048 3072 522 ) (2048 3072 112 ) (2319 3072 112 ) 
4 11 41 (2784 3072 1120 ) (2200 3072 1120 ) (2200 3072 522 ) (2784 3072 522 ) 
4 11 44 (2200 3072 1120 ) (2048 3072 1120 ) (2048 3072 522 ) (2200 3072 522 ) 
4 11 40 (3072 3072 522 ) (3072 3072 1120 ) (2784 3072 1120 ) (2784 3072 522 ) 
4 11 14 (2048 3072 112 ) (2048 3072 1120 ) (2048 4096 1120 ) (2048 4096 112 ) 
4 12 14 (2048 4096 112 ) (2048 4096 1120 ) (1024 4096 1120 ) (1024 4096 112 ) 
4 12 13 (1024 5120 1120 ) (1024 5120 112 ) (1024 4096 112 ) (1024 4096 1120 ) 
4 13 25 (0 4096 112 ) (0 4096 1120 ) (0 5120 1120 ) (0 5120 112 ) 
4 13 15 (1024 4096 112 ) (1024 4096 1120 ) (0 4096 1120 ) (0 4096 112 ) 
4 14 61 (2048 3072 112 ) (2048 3072 1120 ) (1024 3072 1120 ) (1024 3072 112 ) 
4 14 15 (1024 4096 1120 ) (1024 4096 112 ) (1024 3072 112 ) (1024 3072 1120 ) 
4 15 62 (1024 3072 112 ) (1024 3072 1120 ) (0 3072 1120 ) (0 3072 112 ) 
4 15 27 (0 3072 112 ) (0 3072 1120 ) (0 4096 1120 ) (0 4096 112 ) 
4 16 20 (0 6144 112 ) (0 6144 1120 ) (-1024 6144 1120 ) (-1024 6144 112 ) 
4 16 17 (-1024 6144 112 ) (-1024 6144 1120 ) (-1024 6336 1120 ) (-1024 6336 112 ) 
4 17 23 (-1024 6144 112 ) (-1024 6144 1120 ) (-2048 6144 1120 ) (-2048 6144 112 ) 
4 17 18 (-2048 6144 112 ) (-2048 6144 1120 ) (-2048 6336 1120 ) (-2048 6336 112 ) 
4 18 29 (-2048 6144 112 ) (-2048 6144 1120 ) (-3072 6144 1120 ) (-3072 6144 112 ) 
4 18 19 (-3072 6144 112 ) (-3072 6144 1120 ) (-3072 6336 1120 ) (-3072 6336 112 ) 
4 19 32 (-3072 6144 112 ) (-3072 6144 1120 ) (-3840 6144 1120 ) (-3840 6144 112 ) 
4 20 23 (-1024 6144 1120 ) (-1024 6144 112 ) (-1024 5728 112 ) (-1024 5728 1120 ) 
4 20 22 (-960 5728 1120 ) (-1024 5728 1120 ) (-1024 5728 112 ) (-960 5728 112 ) 
4 20 21 (0 5728 112 ) (0 5728 1120 ) (-960 5728 1120 ) (-960 5728 112 ) 
4 21 25 (0 5120 112 ) (0 5120 1120 ) (-960 5120 1120 ) (-960 5120 112 ) 
4 21 22 (-960 5728 1120 ) (-960 5728 112 ) (-960 5120 112 ) (-960 5120 1120 ) 
4 22 25 (-960 5120 112 ) (-960 5120 1120 ) (-1024 5120 1120 ) (-1024 5120 112 ) 
4 22 24 (-1024 5120 32 ) (-1024 5120 1120 ) (-1024 5728 1120 ) (-1024 5728 32 ) 
4 23 29 (-2048 6144 1120 ) (-2048 6144 112 ) (-2048 5728 112 ) (-2048 5728 1120 ) 
4 23 24 (-1024 5728 112 ) (-1024 5728 1120 ) (-2048 5728 1120 ) (-2048 5728 112 ) 
4 24 30 (-2048 5120 32 ) (-2048 5120 1120 ) (-2048 5728 1120 ) (-2048 5728 32 ) 
4 24 26 (-1024 5120 112 ) (-1024 5120 1120 ) (-2048 5120 1120 ) (-2048 5120 112 ) 
4 25 27 (0 4096 112 ) (0 4096 1120 ) (-1024 4096 1120 ) (-1024 4096 112 ) 
4 25 26 (-1024 4096 112 ) (-1024 4096 1120 ) (-1024 5120 1120 ) (-1024 5120 112 ) 
4 26 33 (-2048 4096 112 ) (-2048 4096 1120 ) (-2048 5120 1120 ) (-2048 5120 112 ) 
4 26 28 (-2048 4096 1120 ) (-2048 4096 112 ) (-1024 4096 112 ) (-1024 4096 1120 ) 
4 27 109 (0 3072 112 ) (0 3072 1120 ) (-1024 3072 1120 ) (-1024 3072 112 ) 
4 27 28 (-1024 4096 1120 ) (-1024 4096 112 ) (-1024 3072 112 ) (-1024 3072 1120 ) 
4 28 110 (-1024 3072 112 ) (-1024 3072 1120 ) (-2048 3072 1120 ) (-2048 3072 112 ) 
4 28 34 (-2048 3072 112 ) (-2048 3072 1120 ) (-2048 4096 1120 ) (-2048 4096 112 ) 
4 29 32 (-3072 6144 1120 ) (-3072 6144 112 ) (-3072 5728 112 ) (-3072 5728 1120 ) 
4 29 31 (-2272 5728 1120 ) (-3072 5728 1120 ) (-3072 5728 112 ) (-2272 5728 112 ) 
4 29 30 (-2048 5728 112 ) (-2048 5728 1120 ) (-2272 5728 1120 ) (-2272 5728 112 ) 
4 30 33 (-2048 5120 112 ) (-2048 5120 1120 ) (-2272 5120 1120 ) (-2272 5120 112 ) 
4 30 31 (-2272 5728 1120 ) (-2272 5728 112 ) (-2272 5120 112 ) (-2272 5120 1120 ) 
4 31 33 (-2272 5120 112 ) (-2272 5120 1120 ) (-3072 5120 1120 ) (-3072 5120 112 ) 
4 31 32 (-3072 5120 112 ) (-3072 5120 1120 ) (-3072 5728 1120 ) (-3072 5728 112 ) 
4 32 35 (-3072 5120 112 ) (-3072 5120 1120 ) (-3840 5120 1120 ) (-3840 5120 112 ) 
4 33 35 (-3072 5120 1120 ) (-3072 5120 112 ) (-3072 4096 112 ) (-3072 4096 1120 ) 
4 33 34 (-2048 4096 112 ) (-2048 4096 1120 ) (-3072 4096 1120 ) (-3072 4096 112 ) 
4 34 115 (-2048 3072 112 ) (-2048 3072 1120 ) (-3072 3072 1120 ) (-3072 3072 112 ) 
4 34 36 (-3072 3072 112 ) (-3072 3072 1120 ) (-3072 4096 1120 ) (-3072 4096 112 ) 
4 35 36 (-3072 4096 112 ) (-3072 4096 1120 ) (-3840 4096 1120 ) (-3840 4096 112 ) 
4 36 116 (-3072 3072 112 ) (-3072 3072 1120 ) (-3840 3072 1120 ) (-3840 3072 112 ) 
4 37 60 (3072 2146 112 ) (3072 2048 112 ) (3072 2048 218 ) (3072 2146 218 ) 
4 37 58 (3072 2048 218 ) (3072 2048 264 ) (3072 2146 264 ) (3072 2146 218 ) 
4 37 55 (3072 2048 264 ) (3072 2048 522 ) (3072 2146 522 ) (3072 2146 264 ) 
4 37 52 (3072 2160 112 ) (3072 2146 112 ) (3072 2146 522 ) (3072 2160 522 ) 
4 37 47 (3072 3072 522 ) (3072 3072 112 ) (3072 2160 112 ) (3072 2160 522 ) 
4 37 40 (3072 3072 1120 ) (3072 3072 522 ) (3072 2048 522 ) (3072 2048 1120 ) 
4 37 38 (3520 2048 112 ) (3520 2048 1120 ) (3072 2048 1120 ) (3072 2048 112 ) 
4 38 78 (3072 1024 112 ) (3072 1024 522 ) (3072 1616 522 ) (3072 1616 112 ) 
4 38 76 (3072 1616 522 ) (3072 1630 522 ) (3072 1630 112 ) (3072 1616 112 ) 
4 38 74 (3072 2048 264 ) (3072 2048 112 ) (3072 1630 112 ) (3072 1630 264 ) 
4 38 72 (3072 1630 522 ) (3072 2048 522 ) (3072 2048 264 ) (3072 1630 264 ) 
4 38 63 (3072 1024 522 ) (3072 1024 1120 ) (3072 2048 1120 ) (3072 2048 522 ) 
4 38 39 (3072 1024 1120 ) (3072 1024 112 ) (3520 1024 112 ) (3520 1024 1120 ) 
4 39 105 (3520 0 112 ) (3520 0 1120 ) (3072 0 1120 ) (3072 0 112 ) 
4 39 100 (3072 0 112 ) (3072 0 1120 ) (3072 1024 1120 ) (3072 1024 112 ) 
4 40 63 (3072 2048 522 ) (3072 2048 1120 ) (2784 2048 1120 ) (2784 2048 522 ) 
4 40 55 (3072 2048 522 ) (2784 2048 522 ) (2784 2146 522 ) (3072 2146 522 ) 
4 40 52 (2784 2146 522 ) (2784 2160 522 ) (3072 2160 522 ) (3072 2146 522 ) 
4 40 47 (2784 2160 522 ) (2784 3072 522 ) (3072 3072 522 ) (3072 2160 522 ) 
3 40 45 (2784 2185.500000 522 ) (2784 2160 522 ) (2784 2160 528 ) 
4 40 42 (2784 2048 567.451843 ) (2784 2048 1120 ) (2784 2184 1120 ) (2784 2184 534.685974 ) 
3 40 43 (2784 2184 522.352966 ) (2784 2160 528 ) (2784 2184 528 ) 
5 40 41 (2784 3072 522 ) (2784 2185.500000 522 ) (2784 2184 522.352966 ) (2784 2184 1120 ) (2784 3072 1120 ) 
4 41 49 (2333 2736 522 ) (2333 2185.500000 522 ) (2319 2185.500000 522 ) (2319 2736 522 ) 
4 41 48 (2319 3072 522 ) (2333 3072 522 ) (2333 2736 522 ) (2319 2736 522 ) 
4 41 47 (2333 3072 522 ) (2784 3072 522 ) (2784 2185.500000 522 ) (2333 2185.500000 522 ) 
4 41 51 (2200 3072 522 ) (2319 3072 522 ) (2319 2185.500000 522 ) (2200 2185.500000 522 ) 
4 41 45 (2223 2185.507812 522 ) (2784 2185.507812 522 ) (2784 2184 522.354797 ) (2223 2184 522.354797 ) 
4 41 46 (2200 2185.507812 522 ) (2223 2185.507812 522 ) (2223 2184 522.354797 ) (2200 2184 522.354797 ) 
4 41 42 (2200 2184 1120 ) (2200 2184 534.685974 ) (2784 2184 534.685974 ) (2784 2184 1120 ) 
4 41 43 (2200 2184 528 ) (2200 2184 522.351562 ) (2784 2184 522.351562 ) (2784 2184 528 ) 
5 41 44 (2200 3072 522 ) (2200 2185.492188 522 ) (2200 2184 522.351074 ) (2200 2184 1120 ) (2200 3072 1120 ) 
4 42 67 (2200 2048 629.647095 ) (2200 2048 567.451843 ) (2784 2048 567.451843 ) (2784 2048 629.647095 ) 
4 42 64 (2784 2048 1120 ) (2200 2048 1120 ) (2200 2048 629.647095 ) (2784 2048 629.647095 ) 
4 42 44 (2200 2048 567.451843 ) (2200 2048 1120 ) (2200 2184 1120 ) (2200 2184 534.685974 ) 
4 43 45 (2784 2184 522.354797 ) (2784 2160.007812 528 ) (2223 2160.007812 528 ) (2223 2184 522.354797 ) 
4 43 46 (2223 2160.007812 528 ) (2200 2160.007812 528 ) (2200 2184 522.354797 ) (2223 2184 522.354797 ) 
3 43 44 (2200 2184 522.351074 ) (2200 2159.992188 528 ) (2200 2184 528 ) 
4 44 71 (2200 2048 1120 ) (2048 2048 1120 ) (2048 2048 554.352966 ) (2200 2048 554.352966 ) 
5 44 61 (2048 3072 1120 ) (2048 3072 522 ) (2048 2185.500000 522 ) (2048 2048 554.352966 ) (2048 2048 1120 ) 
4 44 51 (2048 2185.500000 522 ) (2048 3072 522 ) (2200 3072 522 ) (2200 2185.500000 522 ) 
4 44 46 (2048 2185.507812 522 ) (2200 2185.507812 522 ) (2200 2048 554.354797 ) (2048 2048 554.354797 ) 
4 45 49 (2319 2185.500000 522 ) (2333 2185.500000 522 ) (2333 2160 522 ) (2319 2160 522 ) 
4 45 47 (2333 2185.500000 522 ) (2784 2185.500000 522 ) (2784 2160 522 ) (2333 2160 522 ) 
4 45 51 (2223 2160 522 ) (2223 2185.500000 522 ) (2319 2185.500000 522 ) (2319 2160 522 ) 
3 45 46 (2223 2160 528 ) (2223 2185.496094 522 ) (2223 2160 522 ) 
4 46 69 (2200 2048 522 ) (2223 2048 522 ) (2223 2048 554.352966 ) (2200 2048 554.352966 ) 
4 46 71 (2048 2048 554.352966 ) (2048 2048 522 ) (2200 2048 522 ) (2200 2048 554.352966 ) 
3 46 61 (2048 2185.500000 522 ) (2048 2048 522 ) (2048 2048 554.352966 ) 
4 46 57 (2223 2048 522 ) (2048 2048 522 ) (2048 2146 522 ) (2223 2146 522 ) 
4 46 54 (2048 2146 522 ) (2048 2160 522 ) (2223 2160 522 ) (2223 2146 522 ) 
4 46 51 (2048 2160 522 ) (2048 2185.500000 522 ) (2223 2185.500000 522 ) (2223 2160 522 ) 
4 47 53 (2333 2160 218 ) (2333 2160 112 ) (2784 2160 112 ) (2784 2160 218 ) 
4 47 52 (3072 2160 112 ) (3072 2160 522 ) (2784 2160 522 ) (2784 2160 112 ) 
4 47 49 (2333 2160 394 ) (2333 2160 522 ) (2333 2736 522 ) (2333 2736 394 ) 
4 47 50 (2333 2736 112 ) (2333 2160 112 ) (2333 2160 136 ) (2333 2736 136 ) 
4 47 48 (2333 3072 112 ) (2333 2736 112 ) (2333 2736 522 ) (2333 3072 522 ) 
4 48 49 (2319 2736 522 ) (2319 2736 394 ) (2333 2736 394 ) (2333 2736 522 ) 
4 48 50 (2319 2736 136 ) (2319 2736 112 ) (2333 2736 112 ) (2333 2736 136 ) 
4 48 51 (2319 3072 112 ) (2319 2736 112 ) (2319 2736 522 ) (2319 3072 522 ) 
4 49 51 (2319 2160 394 ) (2319 2160 522 ) (2319 2736 522 ) (2319 2736 394 ) 
4 50 53 (2319 2160 136 ) (2319 2160 112 ) (2333 2160 112 ) (2333 2160 136 ) 
4 50 51 (2319 2736 112 ) (2319 2160 112 ) (2319 2160 136 ) (2319 2736 136 ) 
4 51 61 (2048 3072 522 ) (2048 3072 112 ) (2048 2160 112 ) (2048 2160 522 ) 
4 51 53 (2223 2160 218 ) (2223 2160 112 ) (2319 2160 112 ) (2319 2160 218 ) 
4 51 54 (2223 2160 522 ) (2048 2160 522 ) (2048 2160 112 ) (2223 2160 112 ) 
4 52 60 (2784 2146 218 ) (2784 2146 112 ) (3072 2146 112 ) (3072 2146 218 ) 
4 52 58 (2784 2146 264 ) (2784 2146 218 ) (3072 2146 218 ) (3072 2146 264 ) 
4 52 55 (3072 2146 522 ) (2784 2146 522 ) (2784 2146 264 ) (3072 2146 264 ) 
4 52 53 (2784 2160 218 ) (2784 2160 112 ) (2784 2146 112 ) (2784 2146 218 ) 
4 53 60 (2223 2146 218 ) (2223 2146 112 ) (2784 2146 112 ) (2784 2146 218 ) 
4 53 54 (2223 2160 218 ) (2223 2160 112 ) (2223 2146 112 ) (2223 2146 218 ) 
4 54 61 (2048 2146 112 ) (2048 2146 522 ) (2048 2160 522 ) (2048 2160 112 ) 
4 54 60 (2048 2146 218 ) (2048 2146 112 ) (2223 2146 112 ) (2223 2146 218 ) 
4 54 59 (2048 2146 264 ) (2048 2146 218 ) (2223 2146 218 ) (2223 2146 264 ) 
4 54 57 (2223 2146 522 ) (2048 2146 522 ) (2048 2146 264 ) (2223 2146 264 ) 
4 55 72 (3072 2048 264 ) (3072 2048 522 ) (2784 2048 522 ) (2784 2048 264 ) 
4 55 58 (3072 2048 264 ) (2784 2048 264 ) (2784 2146 264 ) (3072 2146 264 ) 
4 56 73 (2753 2048 522 ) (2237 2048 522 ) (2237 2048 264 ) (2753 2048 264 ) 
4 57 90 (2223 2048 522 ) (2048 2048 522 ) (2048 2048 264 ) (2223 2048 264 ) 
4 57 61 (2048 2048 264 ) (2048 2048 522 ) (2048 2146 522 ) (2048 2146 264 ) 
4 57 59 (2223 2048 264 ) (2048 2048 264 ) (2048 2146 264 ) (2223 2146 264 ) 
4 58 74 (3072 2048 218 ) (3072 2048 264 ) (2784 2048 264 ) (2784 2048 218 ) 
4 58 60 (2784 2146 218 ) (3072 2146 218 ) (3072 2048 218 ) (2784 2048 218 ) 
4 59 90 (2223 2048 264 ) (2048 2048 264 ) (2048 2048 218 ) (2223 2048 218 ) 
4 59 61 (2048 2048 218 ) (2048 2048 264 ) (2048 2146 264 ) (2048 2146 218 ) 
4 59 60 (2048 2048 218 ) (2048 2146 218 ) (2223 2146 218 ) (2223 2048 218 ) 
4 60 90 (2223 2048 218 ) (2048 2048 218 ) (2048 2048 112 ) (2223 2048 112 ) 
4 60 83 (2237 2048 218 ) (2223 2048 218 ) (2223 2048 112 ) (2237 2048 112 ) 
4 60 75 (2784 2048 218 ) (2237 2048 218 ) (2237 2048 112 ) (2784 2048 112 ) 
4 60 74 (3072 2048 112 ) (3072 2048 218 ) (2784 2048 218 ) (2784 2048 112 ) 
4 60 61 (2048 2048 112 ) (2048 2048 218 ) (2048 2146 218 ) (2048 2146 112 ) 
4 61 101 (2048 2048 112 ) (2048 2048 1120 ) (1024 2048 1120 ) (1024 2048 112 ) 
4 61 62 (1024 2048 112 ) (1024 2048 1120 ) (1024 3072 1120 ) (1024 3072 112 ) 
4 62 109 (0 3072 1120 ) (0 3072 112 ) (0 2048 112 ) (0 2048 1120 ) 
4 62 102 (1024 2048 112 ) (1024 2048 1120 ) (0 2048 1120 ) (0 2048 112 ) 
4 63 100 (3072 1024 522 ) (3072 1024 1120 ) (2784 1024 1120 ) (2784 1024 522 ) 
4 63 78 (3072 1616 522 ) (3072 1024 522 ) (2784 1024 522 ) (2784 1616 522 ) 
4 63 76 (3072 1630 522 ) (3072 1616 522 ) (2784 1616 522 ) (2784 1630 522 ) 
4 63 72 (2784 2048 522 ) (3072 2048 522 ) (3072 1630 522 ) (2784 1630 522 ) 
4 63 68 (2784 1616 522 ) (2784 1592 522 ) (2784 1592 522.352966 ) (2784 1616 528 ) 
3 63 67 (2784 1917.398071 598.917175 ) (2784 2048 629.647095 ) (2784 2048 567.451843 ) 
3 63 65 (2784 1592 534.685974 ) (2784 1592 677.314026 ) (2784 1888 606 ) 
5 63 64 (2784 1592 677.314026 ) (2784 1592 1120 ) (2784 2048 1120 ) (2784 2048 629.647095 ) (2784 1917.397949 598.917236 ) 
3 63 66 (2784 1592 522.352966 ) (2784 1592 528 ) (2784 1616 528 ) 
4 63 70 (2784 1592 522 ) (2784 1024 522 ) (2784 1024 1120 ) (2784 1592 1120 ) 
4 64 67 (2200 1917.398926 598.916992 ) (2200 2048 629.646667 ) (2784 2048 629.646606 ) (2784 1917.398926 598.916992 ) 
4 64 65 (2784 1592 677.315063 ) (2200 1592 677.315063 ) (2200 1888.001587 606 ) (2784 1888.001587 606 ) 
4 64 70 (2200 1592 1120 ) (2200 1592 677.314026 ) (2784 1592 677.314026 ) (2784 1592 1120 ) 
5 64 71 (2200 1592 677.314026 ) (2200 1592 1120 ) (2200 2048 1120 ) (2200 2048 629.647095 ) (2200 1917.397949 598.917236 ) 
3 65 71 (2200 1592 534.685974 ) (2200 1592 677.314026 ) (2200 1888 606 ) 
4 65 70 (2200 1592 677.314026 ) (2200 1592 534.685974 ) (2784 1592 534.685974 ) (2784 1592 677.314026 ) 
4 66 68 (2784 1592 522.352539 ) (2223 1592 522.352539 ) (2223 1616.001709 528 ) (2784 1616.001709 528 ) 
4 66 69 (2223 1592 522.352539 ) (2200 1592 522.352539 ) (2200 1616.001709 528 ) (2223 1616.001709 528 ) 
3 66 71 (2200 1592 522.352966 ) (2200 1592 528 ) (2200 1616 528 ) 
4 66 70 (2200 1592 528 ) (2200 1592 522.352966 ) (2784 1592 522.352966 ) (2784 1592 528 ) 
3 67 71 (2200 1917.398071 598.917175 ) (2200 2048 629.647095 ) (2200 2048 567.451843 ) 
4 68 88 (2237 1592 522 ) (2223 1592 522 ) (2223 1616 522 ) (2237 1616 522 ) 
4 68 79 (2333 1592 522 ) (2319 1592 522 ) (2319 1616 522 ) (2333 1616 522 ) 
4 68 78 (2784 1616 522 ) (2784 1592 522 ) (2333 1592 522 ) (2333 1616 522 ) 
4 68 82 (2319 1592 522 ) (2237 1592 522 ) (2237 1616 522 ) (2319 1616 522 ) 
4 68 69 (2223 1592 522 ) (2223 1592 522.352539 ) (2223 1616 528 ) (2223 1616 522 ) 
4 68 70 (2223 1592 522 ) (2784 1592 522 ) (2784 1592 522.352966 ) (2223 1592 522.352966 ) 
4 69 99 (2223 1856 522 ) (2223 1592 522 ) (2200 1592 522 ) (2200 1856 522 ) 
4 69 92 (2216 1856 522 ) (2200 1856 522 ) (2200 1984 522 ) (2216 1984 522 ) 
4 69 91 (2223 1984 522 ) (2223 1856 522 ) (2216 1856 522 ) (2216 1984 522 ) 
4 69 90 (2200 2048 522 ) (2223 2048 522 ) (2223 1984 522 ) (2200 1984 522 ) 
4 69 70 (2200 1592 522.352966 ) (2200 1592 522 ) (2223 1592 522 ) (2223 1592 522.352966 ) 
5 69 71 (2200 2048 522 ) (2200 1592 522 ) (2200 1592 522.352966 ) (2200 1888 592 ) (2200 2048 554.352966 ) 
4 70 100 (2200 1024 522 ) (2784 1024 522 ) (2784 1024 1120 ) (2200 1024 1120 ) 
4 70 99 (2223 1024 522 ) (2200 1024 522 ) (2200 1592 522 ) (2223 1592 522 ) 
4 70 88 (2237 1024 522 ) (2223 1024 522 ) (2223 1592 522 ) (2237 1592 522 ) 
4 70 79 (2319 1040 522 ) (2319 1592 522 ) (2333 1592 522 ) (2333 1040 522 ) 
4 70 81 (2333 1024 522 ) (2319 1024 522 ) (2319 1040 522 ) (2333 1040 522 ) 
4 70 78 (2784 1592 522 ) (2784 1024 522 ) (2333 1024 522 ) (2333 1592 522 ) 
4 70 82 (2319 1024 522 ) (2237 1024 522 ) (2237 1592 522 ) (2319 1592 522 ) 
4 70 71 (2200 1592 522 ) (2200 1024 522 ) (2200 1024 1120 ) (2200 1592 1120 ) 
4 71 101 (2048 2048 1120 ) (2048 2048 522 ) (2048 1024 522 ) (2048 1024 1120 ) 
4 71 100 (2048 1024 1120 ) (2048 1024 522 ) (2200 1024 522 ) (2200 1024 1120 ) 
4 71 99 (2048 1024 522 ) (2048 1856 522 ) (2200 1856 522 ) (2200 1024 522 ) 
4 71 92 (2048 1856 522 ) (2048 1984 522 ) (2200 1984 522 ) (2200 1856 522 ) 
4 71 90 (2048 1984 522 ) (2048 2048 522 ) (2200 2048 522 ) (2200 1984 522 ) 
4 72 76 (2784 1630 264 ) (3072 1630 264 ) (3072 1630 522 ) (2784 1630 522 ) 
4 72 74 (3072 1630 264 ) (2784 1630 264 ) (2784 2048 264 ) (3072 2048 264 ) 
4 73 87 (2237 1630 522 ) (2237 1632 522 ) (2237 1632 264 ) (2237 1630 264 ) 
4 73 84 (2237 1984 368 ) (2237 1984 264 ) (2237 1858 264 ) (2237 1858 368 ) 
4 74 76 (2784 1630 112 ) (3072 1630 112 ) (3072 1630 264 ) (2784 1630 264 ) 
4 74 75 (2784 2048 112 ) (2784 1630 112 ) (2784 1630 218 ) (2784 2048 218 ) 
4 75 89 (2237 1856 112 ) (2237 1630 112 ) (2237 1630 218 ) (2237 1856 218 ) 
4 75 86 (2237 1984 112 ) (2237 1856 112 ) (2237 1856 216 ) (2237 1984 216 ) 
4 75 85 (2237 1856 216 ) (2237 1856 218 ) (2237 1984 218 ) (2237 1984 216 ) 
4 75 83 (2237 2048 218 ) (2237 2048 112 ) (2237 1984 112 ) (2237 1984 218 ) 
4 75 77 (2237 1630 218 ) (2237 1630 112 ) (2784 1630 112 ) (2784 1630 218 ) 
4 76 78 (2784 1616 112 ) (3072 1616 112 ) (3072 1616 522 ) (2784 1616 522 ) 
4 76 77 (2784 1630 218 ) (2784 1630 112 ) (2784 1616 112 ) (2784 1616 218 ) 
4 77 89 (2237 1630 218 ) (2237 1630 112 ) (2237 1616 112 ) (2237 1616 218 ) 
4 77 80 (2319 1616 112 ) (2333 1616 112 ) (2333 1616 136 ) (2319 1616 136 ) 
4 77 78 (2333 1616 112 ) (2784 1616 112 ) (2784 1616 218 ) (2333 1616 218 ) 
4 77 82 (2237 1616 218 ) (2237 1616 112 ) (2319 1616 112 ) (2319 1616 218 ) 
4 78 100 (3072 1024 112 ) (3072 1024 522 ) (2333 1024 522 ) (2333 1024 112 ) 
4 78 79 (2333 1616 522 ) (2333 1616 394 ) (2333 1040 394 ) (2333 1040 522 ) 
4 78 80 (2333 1616 136 ) (2333 1616 112 ) (2333 1040 112 ) (2333 1040 136 ) 
4 78 81 (2333 1040 112 ) (2333 1024 112 ) (2333 1024 522 ) (2333 1040 522 ) 
4 79 82 (2319 1616 522 ) (2319 1616 394 ) (2319 1040 394 ) (2319 1040 522 ) 
4 79 81 (2319 1040 522 ) (2319 1040 394 ) (2333 1040 394 ) (2333 1040 522 ) 
4 80 81 (2319 1040 136 ) (2319 1040 112 ) (2333 1040 112 ) (2333 1040 136 ) 
4 80 82 (2319 1616 136 ) (2319 1616 112 ) (2319 1040 112 ) (2319 1040 136 ) 
4 81 100 (2333 1024 522 ) (2319 1024 522 ) (2319 1024 112 ) (2333 1024 112 ) 
4 81 82 (2319 1040 112 ) (2319 1024 112 ) (2319 1024 522 ) (2319 1040 522 ) 
4 82 100 (2319 1024 522 ) (2237 1024 522 ) (2237 1024 112 ) (2319 1024 112 ) 
4 82 89 (2237 1616 218 ) (2237 1616 112 ) (2237 1024 112 ) (2237 1024 218 ) 
4 82 88 (2237 1024 522 ) (2237 1616 522 ) (2237 1616 218 ) (2237 1024 218 ) 
4 83 90 (2223 1984 112 ) (2223 1984 218 ) (2223 2048 218 ) (2223 2048 112 ) 
4 83 86 (2223 1984 216 ) (2223 1984 112 ) (2237 1984 112 ) (2237 1984 216 ) 
4 83 85 (2224 1984 216 ) (2237 1984 216 ) (2237 1984 218 ) (2224 1984 218 ) 
4 84 91 (2223 1984 368 ) (2223 1984 264 ) (2223 1858 264 ) (2223 1858 368 ) 
4 85 89 (2224 1856 216 ) (2237 1856 216 ) (2237 1856 218 ) (2224 1856 218 ) 
4 85 86 (2237 1856 216 ) (2224 1856 216 ) (2224 1984 216 ) (2237 1984 216 ) 
4 86 98 (2223 1856 112 ) (2223 1856 216 ) (2223 1984 216 ) (2223 1984 112 ) 
4 86 89 (2223 1856 216 ) (2223 1856 112 ) (2237 1856 112 ) (2237 1856 216 ) 
4 87 99 (2223 1630 522 ) (2223 1632 522 ) (2223 1632 264 ) (2223 1630 264 ) 
4 88 100 (2237 1024 218 ) (2237 1024 522 ) (2223 1024 522 ) (2223 1024 218 ) 
4 88 99 (2223 1024 218 ) (2223 1024 522 ) (2223 1616 522 ) (2223 1616 218 ) 
4 88 89 (2223 1024 218 ) (2223 1616 218 ) (2237 1616 218 ) (2237 1024 218 ) 
4 89 100 (2237 1024 112 ) (2237 1024 218 ) (2223 1024 218 ) (2223 1024 112 ) 
4 89 99 (2223 1024 112 ) (2223 1024 218 ) (2223 1856 218 ) (2223 1856 112 ) 
4 90 101 (2048 2048 522 ) (2048 2048 112 ) (2048 1984 112 ) (2048 1984 522 ) 
4 90 98 (2223 1984 112 ) (2223 1984 216 ) (2048 1984 216 ) (2048 1984 112 ) 
4 90 97 (2176 1984 224 ) (2048 1984 224 ) (2048 1984 216 ) (2176 1984 216 ) 
4 90 95 (2192 1984 240 ) (2184 1984 240 ) (2184 1984 232 ) (2192 1984 232 ) 
4 90 96 (2184 1984 240 ) (2048 1984 240 ) (2048 1984 224 ) (2184 1984 224 ) 
4 90 94 (2048 1984 248 ) (2048 1984 240 ) (2200 1984 240 ) (2200 1984 248 ) 
4 90 93 (2048 1984 256 ) (2048 1984 248 ) (2208 1984 248 ) (2208 1984 256 ) 
4 90 92 (2216 1984 522 ) (2048 1984 522 ) (2048 1984 256 ) (2216 1984 256 ) 
4 90 91 (2223 1984 264 ) (2223 1984 522 ) (2216 1984 522 ) (2216 1984 264 ) 
4 91 99 (2223 1856 264 ) (2223 1856 522 ) (2216 1856 522 ) (2216 1856 264 ) 
4 91 92 (2216 1984 522 ) (2216 1984 264 ) (2216 1856 264 ) (2216 1856 522 ) 
4 92 101 (2048 1856 256 ) (2048 1856 522 ) (2048 1984 522 ) (2048 1984 256 ) 
4 92 99 (2216 1856 522 ) (2048 1856 522 ) (2048 1856 256 ) (2216 1856 256 ) 
4 92 93 (2048 1984 256 ) (2208 1984 256 ) (2208 1856 256 ) (2048 1856 256 ) 
4 93 101 (2048 1856 248 ) (2048 1856 256 ) (2048 1984 256 ) (2048 1984 248 ) 
4 93 99 (2048 1856 256 ) (2048 1856 248 ) (2208 1856 248 ) (2208 1856 256 ) 
4 93 94 (2048 1984 248 ) (2200 1984 248 ) (2200 1856 248 ) (2048 1856 248 ) 
4 94 101 (2048 1856 240 ) (2048 1856 248 ) (2048 1984 248 ) (2048 1984 240 ) 
4 94 99 (2048 1856 248 ) (2048 1856 240 ) (2200 1856 240 ) (2200 1856 248 ) 
4 94 95 (2192 1856 240 ) (2184 1856 240 ) (2184 1984 240 ) (2192 1984 240 ) 
4 94 96 (2184 1856 240 ) (2048 1856 240 ) (2048 1984 240 ) (2184 1984 240 ) 
4 95 99 (2192 1856 240 ) (2184 1856 240 ) (2184 1856 232 ) (2192 1856 232 ) 
4 95 96 (2184 1856 232 ) (2184 1856 240 ) (2184 1984 240 ) (2184 1984 232 ) 
4 96 101 (2048 1856 224 ) (2048 1856 240 ) (2048 1984 240 ) (2048 1984 224 ) 
4 96 99 (2184 1856 240 ) (2048 1856 240 ) (2048 1856 224 ) (2184 1856 224 ) 
4 96 97 (2176 1856 224 ) (2048 1856 224 ) (2048 1984 224 ) (2176 1984 224 ) 
4 97 101 (2048 1856 216 ) (2048 1856 224 ) (2048 1984 224 ) (2048 1984 216 ) 
4 97 99 (2176 1856 224 ) (2048 1856 224 ) (2048 1856 216 ) (2176 1856 216 ) 
4 97 98 (2176 1856 216 ) (2048 1856 216 ) (2048 1984 216 ) (2176 1984 216 ) 
4 98 101 (2048 1856 112 ) (2048 1856 216 ) (2048 1984 216 ) (2048 1984 112 ) 
4 98 99 (2223 1856 112 ) (2223 1856 216 ) (2048 1856 216 ) (2048 1856 112 ) 
4 99 101 (2048 1024 112 ) (2048 1024 522 ) (2048 1856 522 ) (2048 1856 112 ) 
4 99 100 (2223 1024 112 ) (2223 1024 522 ) (2048 1024 522 ) (2048 1024 112 ) 
4 100 106 (3072 0 112 ) (3072 0 1120 ) (2048 0 1120 ) (2048 0 112 ) 
4 100 103 (2048 0 112 ) (2048 0 1120 ) (2048 1024 1120 ) (2048 1024 112 ) 
4 101 103 (2048 1024 112 ) (2048 1024 1120 ) (1024 1024 1120 ) (1024 1024 112 ) 
4 101 102 (1024 2048 1120 ) (1024 2048 112 ) (1024 1024 112 ) (1024 1024 1120 ) 
4 102 111 (0 1024 112 ) (0 1024 1120 ) (0 2048 1120 ) (0 2048 112 ) 
4 102 104 (1024 1024 112 ) (1024 1024 1120 ) (0 1024 1120 ) (0 1024 112 ) 
4 103 107 (2048 0 112 ) (2048 0 1120 ) (1024 0 1120 ) (1024 0 112 ) 
4 103 104 (1024 1024 1120 ) (1024 1024 112 ) (1024 0 112 ) (1024 0 1120 ) 
4 104 113 (0 0 112 ) (0 0 1120 ) (0 1024 1120 ) (0 1024 112 ) 
4 104 108 (1024 0 112 ) (1024 0 1120 ) (0 0 1120 ) (0 0 112 ) 
4 105 106 (3072 0 1120 ) (3072 0 112 ) (3072 -1024 112 ) (3072 -1024 1120 ) 
4 106 107 (2048 0 1120 ) (2048 0 112 ) (2048 -1024 112 ) (2048 -1024 1120 ) 
4 107 108 (1024 -1024 112 ) (1024 -1024 1120 ) (1024 0 1120 ) (1024 0 112 ) 
4 108 121 (0 -1024 112 ) (0 -1024 1120 ) (0 0 1120 ) (0 0 112 ) 
4 109 111 (0 2048 112 ) (0 2048 1120 ) (-1024 2048 1120 ) (-1024 2048 112 ) 
4 109 110 (-1024 3072 1120 ) (-1024 3072 112 ) (-1024 2048 112 ) (-1024 2048 1120 ) 
4 110 115 (-2048 3072 1120 ) (-2048 3072 112 ) (-2048 2048 112 ) (-2048 2048 1120 ) 
4 110 112 (-1024 2048 112 ) (-1024 2048 1120 ) (-2048 2048 1120 ) (-2048 2048 112 ) 
4 111 113 (0 1024 112 ) (0 1024 1120 ) (-1024 1024 1120 ) (-1024 1024 112 ) 
4 111 112 (-1024 1024 112 ) (-1024 1024 1120 ) (-1024 2048 1120 ) (-1024 2048 112 ) 
4 112 117 (-2048 1024 112 ) (-2048 1024 1120 ) (-2048 2048 1120 ) (-2048 2048 112 ) 
4 112 114 (-2048 1024 1120 ) (-2048 1024 112 ) (-1024 1024 112 ) (-1024 1024 1120 ) 
4 113 121 (0 0 112 ) (0 0 1120 ) (-1024 0 1120 ) (-1024 0 112 ) 
4 113 114 (-1024 1024 1120 ) (-1024 1024 112 ) (-1024 0 112 ) (-1024 0 1120 ) 
4 114 122 (-1024 0 112 ) (-1024 0 1120 ) (-2048 0 1120 ) (-2048 0 112 ) 
4 114 118 (-2048 0 112 ) (-2048 0 1120 ) (-2048 1024 1120 ) (-2048 1024 112 ) 
4 115 117 (-2048 2048 112 ) (-2048 2048 1120 ) (-3072 2048 1120 ) (-3072 2048 112 ) 
4 115 116 (-3072 3072 1120 ) (-3072 3072 112 ) (-3072 2048 112 ) (-3072 2048 1120 ) 
4 116 119 (-3072 2048 112 ) (-3072 2048 1120 ) (-3840 2048 1120 ) (-3840 2048 112 ) 
4 117 119 (-3072 2048 1120 ) (-3072 2048 112 ) (-3072 1024 112 ) (-3072 1024 1120 ) 
4 117 118 (-2048 1024 112 ) (-2048 1024 1120 ) (-3072 1024 1120 ) (-3072 1024 112 ) 
4 118 123 (-2048 0 112 ) (-2048 0 1120 ) (-3072 0 1120 ) (-3072 0 112 ) 
4 118 120 (-3072 0 112 ) (-3072 0 1120 ) (-3072 1024 1120 ) (-3072 1024 112 ) 
4 119 120 (-3072 1024 112 ) (-3072 1024 1120 ) (-3840 1024 1120 ) (-3840 1024 112 ) 
4 120 124 (-3072 0 112 ) (-3072 0 1120 ) (-3840 0 1120 ) (-3840 0 112 ) 
4 121 122 (-1024 0 1120 ) (-1024 0 112 ) (-1024 -1024 112 ) (-1024 -1024 1120 ) 
4 122 123 (-2048 0 1120 ) (-2048 0 112 ) (-2048 -1024 112 ) (-2048 -1024 1120 ) 
4 123 124 (-3072 0 1120 ) (-3072 0 112 ) (-3072 -1024 112 ) (-3072 -1024 1120 ) 
