PRT1
307
427
4 0 12 (-2992 7168 864 ) (-3072 7168 864 ) (-3072 7168 736 ) (-2992 7168 736 ) 
4 0 1 (-3072 7168 736 ) (-3072 7168 864 ) (-3072 7456 864 ) (-3072 7456 736 ) 
4 1 16 (-3072 7168 736 ) (-3072 7168 864 ) (-3120 7168 864 ) (-3120 7168 736 ) 
4 1 2 (-3120 7456 864 ) (-3120 7456 736 ) (-3120 7328 736 ) (-3120 7328 864 ) 
4 2 3 (-3344 7456 864 ) (-3344 7456 736 ) (-3344 7328 736 ) (-3344 7328 864 ) 
4 3 17 (-3344 7168 864 ) (-3472 7168 864 ) (-3472 7168 736 ) (-3344 7168 736 ) 
4 4 7 (-1424 6144 160 ) (-1552 6144 160 ) (-1552 6144 32 ) (-1424 6144 32 ) 
4 4 5 (-1552 6976 160 ) (-1552 6976 32 ) (-1552 6848 32 ) (-1552 6848 160 ) 
4 5 6 (-1888 6976 160 ) (-1888 6976 32 ) (-1888 6848 32 ) (-1888 6848 160 ) 
4 6 8 (-1888 6144 160 ) (-2016 6144 160 ) (-2016 6144 32 ) (-1888 6144 32 ) 
4 7 9 (-1552 5952 32 ) (-1424 5952 32 ) (-1424 5952 160 ) (-1552 5952 160 ) 
4 8 10 (-1984 5952 32 ) (-1920 5952 32 ) (-1920 5952 160 ) (-1984 5952 160 ) 
4 9 84 (-1424 5120 160 ) (-1552 5120 160 ) (-1552 5120 32 ) (-1424 5120 32 ) 
4 10 11 (-1984 5936 32 ) (-1920 5936 32 ) (-1920 5936 160 ) (-1984 5936 160 ) 
4 11 28 (-2048 5184 160 ) (-2048 5936 160 ) (-2048 5936 32 ) (-2048 5184 32 ) 
4 12 26 (-2992 6144 864 ) (-3072 6144 864 ) (-3072 6144 736 ) (-2992 6144 736 ) 
4 12 19 (-3072 6144 736 ) (-3072 6144 864 ) (-3072 6720 864 ) (-3072 6720 736 ) 
4 12 16 (-3072 6720 864 ) (-3072 7168 864 ) (-3072 7168 736 ) (-3072 6720 736 ) 
4 13 21 (-3072 6240 160 ) (-3072 6368 160 ) (-3072 6368 32 ) (-3072 6240 32 ) 
4 13 14 (-2960 6240 32 ) (-2112 6240 32 ) (-2112 6240 160 ) (-2960 6240 160 ) 
4 14 29 (-2112 6144 32 ) (-2112 6144 160 ) (-2960 6144 160 ) (-2960 6144 32 ) 
4 14 15 (-2960 6224 32 ) (-2960 6144 32 ) (-2960 6144 160 ) (-2960 6224 160 ) 
4 15 30 (-2960 6144 160 ) (-3072 6144 160 ) (-3072 6144 32 ) (-2960 6144 32 ) 
4 15 22 (-3072 6144 32 ) (-3072 6144 160 ) (-3072 6224 160 ) (-3072 6224 32 ) 
4 16 19 (-3120 6720 736 ) (-3072 6720 736 ) (-3072 6720 864 ) (-3120 6720 864 ) 
4 17 18 (-3472 6848 736 ) (-3472 6720 736 ) (-3472 6720 864 ) (-3472 6848 864 ) 
4 18 168 (-4096 6720 864 ) (-4096 6848 864 ) (-4096 6848 736 ) (-4096 6720 736 ) 
4 19 35 (-3120 6144 736 ) (-3072 6144 736 ) (-3072 6144 864 ) (-3120 6144 864 ) 
4 20 173 (-4096 6144 736 ) (-4096 6144 864 ) (-4096 6304 864 ) (-4096 6304 736 ) 
4 20 169 (-4096 6304 864 ) (-4096 6704 864 ) (-4096 6704 736 ) (-4096 6304 736 ) 
4 20 38 (-4096 6144 864 ) (-4096 6144 736 ) (-3680 6144 736 ) (-3680 6144 864 ) 
4 21 23 (-3264 6368 160 ) (-3264 6368 32 ) (-3264 6240 32 ) (-3264 6240 160 ) 
4 22 65 (-3248 6144 32 ) (-3072 6144 32 ) (-3072 6144 160 ) (-3248 6144 160 ) 
4 23 68 (-3392 6144 32 ) (-3264 6144 32 ) (-3264 6144 160 ) (-3392 6144 160 ) 
4 23 24 (-3392 6368 160 ) (-3392 6368 32 ) (-3392 6288 32 ) (-3392 6288 160 ) 
4 24 25 (-3408 6368 160 ) (-3408 6368 32 ) (-3408 6288 32 ) (-3408 6288 160 ) 
4 25 74 (-3552 6144 32 ) (-3408 6144 32 ) (-3408 6144 160 ) (-3552 6144 160 ) 
4 26 36 (-3072 5600 736 ) (-3072 5472 736 ) (-3072 5472 864 ) (-3072 5600 864 ) 
4 26 35 (-3072 6144 864 ) (-3072 6144 736 ) (-3072 5600 736 ) (-3072 5600 864 ) 
4 27 39 (-3072 5152 864 ) (-3072 5456 864 ) (-3072 5456 736 ) (-3072 5152 736 ) 
4 29 31 (-2960 5824 32 ) (-2112 5824 32 ) (-2112 5824 160 ) (-2960 5824 160 ) 
4 29 30 (-2960 6144 32 ) (-2960 5840 32 ) (-2960 5840 160 ) (-2960 6144 160 ) 
4 30 65 (-3072 6144 160 ) (-3072 6144 32 ) (-3072 5840 32 ) (-3072 5840 160 ) 
4 31 91 (-2112 5120 160 ) (-2960 5120 160 ) (-2960 5120 32 ) (-2112 5120 32 ) 
4 31 32 (-2960 5264 32 ) (-2960 5120 32 ) (-2960 5120 160 ) (-2960 5264 160 ) 
4 32 91 (-2960 5120 160 ) (-2976 5120 160 ) (-2976 5120 32 ) (-2960 5120 32 ) 
4 32 34 (-2976 5264 32 ) (-2976 5120 32 ) (-2976 5120 160 ) (-2976 5264 160 ) 
4 33 70 (-3072 5408 32 ) (-3072 5280 32 ) (-3072 5280 160 ) (-3072 5408 160 ) 
4 33 69 (-3072 5696 32 ) (-3072 5408 32 ) (-3072 5408 160 ) (-3072 5696 160 ) 
4 33 66 (-3072 5824 32 ) (-3072 5696 32 ) (-3072 5696 160 ) (-3072 5824 160 ) 
4 34 91 (-2976 5120 160 ) (-3072 5120 160 ) (-3072 5120 32 ) (-2976 5120 32 ) 
4 34 72 (-3072 5264 32 ) (-3072 5120 32 ) (-3072 5120 160 ) (-3072 5264 160 ) 
4 35 36 (-3120 5600 736 ) (-3072 5600 736 ) (-3072 5600 864 ) (-3120 5600 864 ) 
4 36 37 (-3600 5472 736 ) (-3504 5472 736 ) (-3504 5472 864 ) (-3600 5472 864 ) 
4 37 39 (-3600 5456 736 ) (-3504 5456 736 ) (-3504 5456 864 ) (-3600 5456 864 ) 
4 38 235 (-4096 5456 864 ) (-4096 5744 864 ) (-4096 5744 736 ) (-4096 5456 736 ) 
4 38 231 (-4096 5744 864 ) (-4096 6144 864 ) (-4096 6144 736 ) (-4096 5744 736 ) 
4 38 44 (-4096 5456 736 ) (-3984 5456 736 ) (-3984 5456 864 ) (-4096 5456 864 ) 
4 38 43 (-3984 5456 736 ) (-3968 5456 736 ) (-3968 5456 864 ) (-3984 5456 864 ) 
4 38 42 (-3968 5456 736 ) (-3680 5456 736 ) (-3680 5456 864 ) (-3968 5456 864 ) 
4 39 41 (-3600 5312 736 ) (-3600 5248 736 ) (-3600 5248 864 ) (-3600 5312 864 ) 
4 39 40 (-3408 5152 736 ) (-3280 5152 736 ) (-3280 5152 864 ) (-3408 5152 864 ) 
4 40 46 (-3408 5136 736 ) (-3280 5136 736 ) (-3280 5136 864 ) (-3408 5136 864 ) 
4 41 42 (-3616 5312 736 ) (-3616 5248 736 ) (-3616 5248 864 ) (-3616 5312 864 ) 
4 42 43 (-3968 5456 864 ) (-3968 5456 736 ) (-3968 5360 736 ) (-3968 5360 864 ) 
4 43 44 (-3984 5456 864 ) (-3984 5456 736 ) (-3984 5360 736 ) (-3984 5360 864 ) 
4 44 235 (-4096 5360 864 ) (-4096 5456 864 ) (-4096 5456 736 ) (-4096 5360 736 ) 
4 45 241 (-4096 5136 864 ) (-4096 5216 864 ) (-4096 5216 736 ) (-4096 5136 736 ) 
4 45 236 (-4096 5216 864 ) (-4096 5344 864 ) (-4096 5344 736 ) (-4096 5216 736 ) 
4 45 46 (-4096 5136 736 ) (-3984 5136 736 ) (-3984 5136 864 ) (-4096 5136 864 ) 
4 46 241 (-4096 5120 736 ) (-4096 5120 864 ) (-4096 5136 864 ) (-4096 5136 736 ) 
4 46 97 (-4096 5120 864 ) (-4096 5120 736 ) (-3280 5120 736 ) (-3280 5120 864 ) 
4 47 51 (-3904 5936 272 ) (-3920 5936 272 ) (-3920 6064 272 ) (-3904 6064 272 ) 
4 47 50 (-3680 6064 272 ) (-3680 5936 272 ) (-3904 5936 272 ) (-3904 6064 272 ) 
4 47 48 (-3936 5936 288 ) (-3936 5936 528 ) (-3936 6064 528 ) (-3936 6064 288 ) 
4 48 49 (-3952 5936 304 ) (-3952 5936 544 ) (-3952 6064 544 ) (-3952 6064 304 ) 
4 49 59 (-3968 6064 336 ) (-3968 6064 320 ) (-3968 5936 320 ) (-3968 5936 336 ) 
4 49 56 (-3968 5936 560 ) (-3968 6064 560 ) (-3968 6064 336 ) (-3968 5936 336 ) 
4 50 55 (-3872 5936 240 ) (-3888 5936 240 ) (-3888 6064 240 ) (-3872 6064 240 ) 
4 50 53 (-3856 5936 240 ) (-3872 5936 240 ) (-3872 6064 240 ) (-3856 6064 240 ) 
4 50 52 (-3648.002197 6064 240 ) (-3648.002197 5936 240 ) (-3856 5936 240 ) (-3856 6064 240 ) 
4 50 51 (-3904 5936 256 ) (-3904 5936 272 ) (-3904 6064 272 ) (-3904 6064 256 ) 
4 52 54 (-3600 6064 192 ) (-3600 5936 192 ) (-3840 5936 192 ) (-3840 6064 192 ) 
4 52 53 (-3856 5936 208 ) (-3856 5936 240 ) (-3856 6064 240 ) (-3856 6064 208 ) 
4 53 55 (-3872 5936 240 ) (-3872 6064 240 ) (-3872 6064 224 ) (-3872 5936 224 ) 
4 54 64 (-3824 6064 176 ) (-3584 6064 176 ) (-3584 5936 176 ) (-3824 5936 176 ) 
4 56 59 (-3968 6064 336 ) (-3968 5936 336 ) (-3984 5936 336 ) (-3984 6064 336 ) 
4 56 57 (-4000 5936 352 ) (-4000 5936 592 ) (-4000 6064 592 ) (-4000 6064 352 ) 
4 57 58 (-4016 5936 368 ) (-4016 5936 607.997864 ) (-4016 6064 607.997864 ) (-4016 6064 368 ) 
4 58 63 (-4032 6064 400 ) (-4032 6064 384 ) (-4032 5936 384 ) (-4032 5936 400 ) 
4 58 60 (-4032 5936 624 ) (-4032 6064 624 ) (-4032 6064 400 ) (-4032 5936 400 ) 
4 60 63 (-4032 6064 400 ) (-4032 5936 400 ) (-4048 5936 400 ) (-4048 6064 400 ) 
4 60 61 (-4064 5936 416 ) (-4064 5936 656 ) (-4064 6064 656 ) (-4064 6064 416 ) 
4 61 62 (-4080 5936 432 ) (-4080 5936 671.997864 ) (-4080 6064 671.997864 ) (-4080 6064 432 ) 
4 62 247 (-4096 6064 496 ) (-4096 6064 448 ) (-4096 5936 448 ) (-4096 5936 496 ) 
4 62 245 (-4096 6064 528 ) (-4096 6064 496 ) (-4096 5936 496 ) (-4096 5936 528 ) 
4 62 242 (-4096 5936 688 ) (-4096 6064 688 ) (-4096 6064 528 ) (-4096 5936 528 ) 
4 64 80 (-3808 6064 160 ) (-3792 6064 160 ) (-3792 5936 160 ) (-3808 5936 160 ) 
4 64 79 (-3792 6064 160 ) (-3728 6064 160 ) (-3728 5936 160 ) (-3792 5936 160 ) 
4 64 77 (-3728 6064 160 ) (-3712 6064 160 ) (-3712 5936 160 ) (-3728 5936 160 ) 
4 64 76 (-3712 6064 160 ) (-3696 6064 160 ) (-3696 5936 160 ) (-3712 5936 160 ) 
4 64 75 (-3696 6064 160 ) (-3568 6064 160 ) (-3568 5936 160 ) (-3696 5936 160 ) 
4 66 69 (-3104 5696 32 ) (-3072 5696 32 ) (-3072 5696 160 ) (-3104 5696 160 ) 
4 66 67 (-3248 5824 32 ) (-3248 5696 32 ) (-3248 5696 160 ) (-3248 5824 160 ) 
4 67 68 (-3264 5824 32 ) (-3264 5696 32 ) (-3264 5696 160 ) (-3264 5824 160 ) 
4 69 70 (-3104 5408 32 ) (-3072 5408 32 ) (-3072 5408 160 ) (-3104 5408 160 ) 
4 70 71 (-3392 5408 160 ) (-3392 5408 32 ) (-3392 5280 32 ) (-3392 5280 160 ) 
4 71 78 (-3408 5408 32 ) (-3408 5264 32 ) (-3408 5264 160 ) (-3408 5408 160 ) 
4 71 73 (-3408 5264 160 ) (-3408 5264 32 ) (-3392 5264 32 ) (-3392 5264 160 ) 
4 72 98 (-3376 5120 32 ) (-3072 5120 32 ) (-3072 5120 160 ) (-3376 5120 160 ) 
4 73 99 (-3408 5120 32 ) (-3392 5120 32 ) (-3392 5120 160 ) (-3408 5120 160 ) 
4 73 78 (-3408 5264 32 ) (-3408 5120 32 ) (-3408 5120 160 ) (-3408 5264 160 ) 
4 74 75 (-3552 6064 32 ) (-3408 6064 32 ) (-3408 6064 160 ) (-3552 6064 160 ) 
4 75 76 (-3696 6064 160 ) (-3696 6064 48 ) (-3696 5936 48 ) (-3696 5936 160 ) 
4 76 77 (-3712 6064 160 ) (-3712 6064 64 ) (-3712 5936 64 ) (-3712 5936 160 ) 
4 77 82 (-3728 5936 80 ) (-3728 5936 112 ) (-3728 6064 112 ) (-3728 6064 80 ) 
4 77 81 (-3728 5936 112 ) (-3728 5936 128 ) (-3728 6064 128 ) (-3728 6064 112 ) 
4 77 79 (-3728 5936 128 ) (-3728 5936 160 ) (-3728 6064 160 ) (-3728 6064 128 ) 
4 78 99 (-3520 5120 32 ) (-3408 5120 32 ) (-3408 5120 160 ) (-3520 5120 160 ) 
4 79 81 (-3728 6064 128 ) (-3728 5936 128 ) (-3776 5936 128 ) (-3776 6064 128 ) 
4 79 80 (-3792 6064 160 ) (-3792 6064 144 ) (-3792 5936 144 ) (-3792 5936 160 ) 
4 81 83 (-3744 5936 112 ) (-3760 5936 112 ) (-3760 6064 112 ) (-3744 6064 112 ) 
4 81 82 (-3728 6064 112 ) (-3728 5936 112 ) (-3744 5936 112 ) (-3744 6064 112 ) 
4 82 83 (-3744 6064 112 ) (-3744 6064 96 ) (-3744 5936 96 ) (-3744 5936 112 ) 
4 84 90 (-2048 5120 160 ) (-2048 5120 32 ) (-2048 4992 32 ) (-2048 4992 160 ) 
4 84 85 (-2032 4992 32 ) (-1936 4992 32 ) (-1936 4992 160 ) (-2032 4992 160 ) 
4 85 86 (-2032 4976 32 ) (-1936 4976 32 ) (-1936 4976 160 ) (-2032 4976 160 ) 
4 86 88 (-2032 4832 32 ) (-2032 4768 32 ) (-2032 4768 160 ) (-2032 4832 160 ) 
4 86 87 (-1840 4672 32 ) (-1712 4672 32 ) (-1712 4672 160 ) (-1840 4672 160 ) 
4 87 89 (-1840 4656 32 ) (-1712 4656 32 ) (-1712 4656 160 ) (-1840 4656 160 ) 
4 88 93 (-2048 4832 32 ) (-2048 4768 32 ) (-2048 4768 160 ) (-2048 4832 160 ) 
4 89 94 (-2048 4656 32 ) (-2048 4528 32 ) (-2048 4528 160 ) (-2048 4656 160 ) 
4 91 98 (-3072 5120 160 ) (-3072 5120 32 ) (-3072 4976 32 ) (-3072 4976 160 ) 
4 91 92 (-3072 4976 32 ) (-2112 4976 32 ) (-2112 4976 160 ) (-3072 4976 160 ) 
4 92 100 (-3072 4928 32 ) (-3072 4880 32 ) (-3072 4880 160 ) (-3072 4928 160 ) 
4 92 98 (-3072 4976 32 ) (-3072 4928 32 ) (-3072 4928 160 ) (-3072 4976 160 ) 
4 92 93 (-2400 4880 32 ) (-2048 4880 32 ) (-2048 4880 160 ) (-2400 4880 160 ) 
4 94 96 (-2416 4656 32 ) (-2416 4528 32 ) (-2416 4528 160 ) (-2416 4656 160 ) 
4 95 101 (-3072 4864 32 ) (-3072 4736 32 ) (-3072 4736 160 ) (-3072 4864 160 ) 
4 95 96 (-2544 4736 32 ) (-2416 4736 32 ) (-2416 4736 160 ) (-2544 4736 160 ) 
4 97 253 (-4096 5008 864 ) (-4096 5120 864 ) (-4096 5120 736 ) (-4096 5008 736 ) 
4 98 100 (-3376 4928 32 ) (-3072 4928 32 ) (-3072 4928 160 ) (-3376 4928 160 ) 
4 99 103 (-3520 4928 32 ) (-3392 4928 32 ) (-3392 4928 160 ) (-3520 4928 160 ) 
4 101 102 (-3376 4864 32 ) (-3376 4736 32 ) (-3376 4736 160 ) (-3376 4864 160 ) 
4 102 103 (-3392 4864 32 ) (-3392 4736 32 ) (-3392 4736 160 ) (-3392 4864 160 ) 
4 103 104 (-3520 4816 32 ) (-3520 4736 32 ) (-3520 4736 160 ) (-3520 4816 160 ) 
4 104 105 (-3536 4816 32 ) (-3536 4736 32 ) (-3536 4736 160 ) (-3536 4816 160 ) 
4 106 112 (-5744 8192 1280 ) (-5616 8192 1280 ) (-5616 8192 1408 ) (-5744 8192 1408 ) 
4 106 107 (-5744 8608 1280 ) (-5744 8480 1280 ) (-5744 8480 1408 ) (-5744 8608 1408 ) 
4 107 108 (-5760 8608 1280 ) (-5760 8480 1280 ) (-5760 8480 1408 ) (-5760 8608 1408 ) 
4 108 109 (-5888 8224 1280 ) (-5760 8224 1280 ) (-5760 8224 1408 ) (-5888 8224 1408 ) 
4 109 113 (-5888 8192 1280 ) (-5760 8192 1280 ) (-5760 8192 1408 ) (-5888 8192 1408 ) 
4 109 110 (-5888 8208 1280 ) (-5888 8192 1280 ) (-5888 8192 1408 ) (-5888 8208 1408 ) 
4 110 114 (-6064 8192 1280 ) (-5888 8192 1280 ) (-5888 8192 1408 ) (-6064 8192 1408 ) 
4 110 111 (-6064 8208 1280 ) (-6064 8192 1280 ) (-6064 8192 1408 ) (-6064 8208 1408 ) 
4 111 122 (-6144 8192 1280 ) (-6144 8192 1408 ) (-6144 8208 1408 ) (-6144 8208 1280 ) 
4 111 114 (-6144 8192 1408 ) (-6144 8192 1280 ) (-6064 8192 1280 ) (-6064 8192 1408 ) 
4 112 117 (-5744 7904 1280 ) (-5616 7904 1280 ) (-5616 7904 1408 ) (-5744 7904 1408 ) 
4 113 114 (-5888 8192 1280 ) (-5888 8080 1280 ) (-5888 8080 1408 ) (-5888 8192 1408 ) 
4 113 115 (-5888 8064 1280 ) (-5888 7920 1280 ) (-5888 7920 1408 ) (-5888 8064 1408 ) 
4 114 125 (-6144 8080 1408 ) (-6144 8192 1408 ) (-6144 8192 1280 ) (-6144 8080 1280 ) 
4 115 126 (-6144 7920 1408 ) (-6144 8064 1408 ) (-6144 8064 1280 ) (-6144 7920 1280 ) 
4 115 116 (-6144 7920 1280 ) (-5968 7920 1280 ) (-5968 7920 1408 ) (-6144 7920 1408 ) 
4 116 126 (-6144 7904 1408 ) (-6144 7920 1408 ) (-6144 7920 1280 ) (-6144 7904 1280 ) 
4 116 120 (-6144 7904 1280 ) (-6096 7904 1280 ) (-6096 7904 1408 ) (-6144 7904 1408 ) 
4 116 119 (-6096 7904 1280 ) (-5968 7904 1280 ) (-5968 7904 1408 ) (-6096 7904 1408 ) 
4 117 118 (-5824 7904 1408 ) (-5824 7904 1280 ) (-5824 7776 1280 ) (-5824 7776 1408 ) 
4 118 190 (-5824 7168 1408 ) (-5952 7168 1408 ) (-5952 7168 1280 ) (-5824 7168 1280 ) 
4 119 194 (-6016 7168 1408 ) (-6096 7168 1408 ) (-6096 7168 1280 ) (-6016 7168 1280 ) 
4 119 191 (-5968 7168 1408 ) (-6016 7168 1408 ) (-6016 7168 1280 ) (-5968 7168 1280 ) 
4 119 120 (-6096 7904 1408 ) (-6096 7904 1280 ) (-6096 7216 1280 ) (-6096 7216 1408 ) 
4 120 126 (-6144 7216 1408 ) (-6144 7904 1408 ) (-6144 7904 1280 ) (-6144 7216 1280 ) 
4 121 195 (-6112 7168 1408 ) (-6144 7168 1408 ) (-6144 7168 1280 ) (-6112 7168 1280 ) 
4 121 155 (-6144 7168 1280 ) (-6144 7168 1408 ) (-6144 7200 1408 ) (-6144 7200 1280 ) 
4 122 125 (-6144 8192 1280 ) (-6144 8192 1408 ) (-6208 8192 1408 ) (-6208 8192 1280 ) 
4 123 128 (-6352 8192 1408 ) (-6704 8192 1408 ) (-6704 8192 1280 ) (-6352 8192 1280 ) 
4 123 127 (-6224 8192 1408 ) (-6352 8192 1408 ) (-6352 8192 1280 ) (-6224 8192 1280 ) 
4 124 158 (-7168 8192 1280 ) (-7168 8192 1408 ) (-7168 8208 1408 ) (-7168 8208 1280 ) 
4 124 143 (-6848 8192 1408 ) (-7168 8192 1408 ) (-7168 8192 1280 ) (-6848 8192 1280 ) 
4 124 142 (-6720 8192 1408 ) (-6848 8192 1408 ) (-6848 8192 1280 ) (-6720 8192 1280 ) 
4 126 138 (-6208 7360 1280 ) (-6208 7216 1280 ) (-6208 7216 1408 ) (-6208 7360 1408 ) 
4 126 130 (-6208 7904 1280 ) (-6208 7776 1280 ) (-6208 7776 1408 ) (-6208 7904 1408 ) 
4 127 128 (-6352 8192 1280 ) (-6352 8080 1280 ) (-6352 8080 1408 ) (-6352 8192 1408 ) 
4 127 129 (-6352 8064 1280 ) (-6352 7920 1280 ) (-6352 7920 1408 ) (-6352 8064 1408 ) 
4 129 131 (-6704 7920 1408 ) (-6704 7920 1280 ) (-6576 7920 1280 ) (-6576 7920 1408 ) 
4 130 131 (-6576 7904 1280 ) (-6576 7776 1280 ) (-6576 7776 1408 ) (-6576 7904 1408 ) 
4 131 133 (-6704 7760 1408 ) (-6704 7760 1280 ) (-6576 7760 1280 ) (-6576 7760 1408 ) 
4 132 134 (-6352 7648 1280 ) (-6224 7648 1280 ) (-6224 7648 1408 ) (-6352 7648 1408 ) 
4 133 135 (-6704 7648 1408 ) (-6704 7648 1280 ) (-6576 7648 1280 ) (-6576 7648 1408 ) 
4 134 136 (-6352 7632 1280 ) (-6224 7632 1280 ) (-6224 7632 1408 ) (-6352 7632 1408 ) 
4 135 136 (-6704 7632 1408 ) (-6704 7632 1280 ) (-6576 7632 1280 ) (-6576 7632 1408 ) 
4 137 139 (-6560 7376 1280 ) (-6368 7376 1280 ) (-6368 7376 1408 ) (-6560 7376 1408 ) 
4 137 140 (-6704 7376 1408 ) (-6704 7376 1280 ) (-6576 7376 1280 ) (-6576 7376 1408 ) 
4 138 139 (-6368 7360 1280 ) (-6368 7216 1280 ) (-6368 7216 1408 ) (-6368 7360 1408 ) 
4 140 141 (-6704 7344 1280 ) (-6704 7216 1280 ) (-6704 7216 1408 ) (-6704 7344 1408 ) 
4 141 152 (-6720 7344 1280 ) (-6720 7216 1280 ) (-6720 7216 1408 ) (-6720 7344 1408 ) 
4 142 143 (-6848 8192 1280 ) (-6848 8080 1280 ) (-6848 8080 1408 ) (-6848 8192 1408 ) 
4 142 144 (-6848 8064 1280 ) (-6848 7936 1280 ) (-6848 7936 1408 ) (-6848 8064 1408 ) 
4 143 159 (-7168 8080 1408 ) (-7168 8192 1408 ) (-7168 8192 1280 ) (-7168 8080 1280 ) 
4 144 160 (-7168 7936 1408 ) (-7168 8064 1408 ) (-7168 8064 1280 ) (-7168 7936 1280 ) 
4 145 146 (-6896 7920 1408 ) (-6896 7920 1280 ) (-6896 7792 1280 ) (-6896 7792 1408 ) 
4 145 147 (-6896 7648 1280 ) (-6896 7520 1280 ) (-6896 7520 1408 ) (-6896 7648 1408 ) 
4 146 149 (-6912 7920 1408 ) (-6912 7920 1280 ) (-6912 7792 1280 ) (-6912 7792 1408 ) 
4 147 150 (-6912 7648 1280 ) (-6912 7520 1280 ) (-6912 7520 1408 ) (-6912 7648 1408 ) 
4 148 152 (-6848 7360 1280 ) (-6720 7360 1280 ) (-6720 7360 1408 ) (-6848 7360 1408 ) 
4 148 150 (-6912 7504 1280 ) (-6912 7360 1280 ) (-6912 7360 1408 ) (-6912 7504 1408 ) 
4 151 162 (-7168 7584 1408 ) (-7168 7696 1408 ) (-7168 7696 1280 ) (-7168 7584 1280 ) 
4 151 161 (-7168 7792 1408 ) (-7168 7920 1408 ) (-7168 7920 1280 ) (-7168 7792 1280 ) 
4 152 153 (-6848 7344 1280 ) (-6848 7216 1280 ) (-6848 7216 1408 ) (-6848 7344 1408 ) 
4 153 154 (-7024 7216 1280 ) (-6912 7216 1280 ) (-6912 7216 1408 ) (-7024 7216 1408 ) 
4 154 157 (-7024 7200 1280 ) (-6912 7200 1280 ) (-6912 7200 1408 ) (-7024 7200 1408 ) 
4 155 283 (-6384 7168 1408 ) (-6496 7168 1408 ) (-6496 7168 1280 ) (-6384 7168 1280 ) 
4 155 281 (-6368 7168 1408 ) (-6384 7168 1408 ) (-6384 7168 1280 ) (-6368 7168 1280 ) 
4 155 278 (-6256 7168 1408 ) (-6368 7168 1408 ) (-6368 7168 1280 ) (-6256 7168 1280 ) 
4 155 277 (-6144 7168 1280 ) (-6144 7168 1408 ) (-6256 7168 1408 ) (-6256 7168 1280 ) 
4 156 284 (-6784 7168 1408 ) (-6896 7168 1408 ) (-6896 7168 1280 ) (-6784 7168 1280 ) 
4 157 286 (-7024 7168 1408 ) (-7168 7168 1408 ) (-7168 7168 1280 ) (-7024 7168 1280 ) 
4 157 285 (-6912 7168 1408 ) (-7024 7168 1408 ) (-7024 7168 1280 ) (-6912 7168 1280 ) 
4 157 163 (-7168 7168 1280 ) (-7168 7168 1408 ) (-7168 7200 1408 ) (-7168 7200 1280 ) 
4 158 167 (-7328 8192 1408 ) (-7456 8192 1408 ) (-7456 8192 1280 ) (-7328 8192 1280 ) 
4 158 164 (-7184 8192 1408 ) (-7328 8192 1408 ) (-7328 8192 1280 ) (-7184 8192 1280 ) 
4 158 159 (-7168 8192 1280 ) (-7168 8192 1408 ) (-7184 8192 1408 ) (-7184 8192 1280 ) 
4 159 164 (-7184 8192 1280 ) (-7184 8080 1280 ) (-7184 8080 1408 ) (-7184 8192 1408 ) 
4 160 165 (-7184 8064 1280 ) (-7184 7936 1280 ) (-7184 7936 1408 ) (-7184 8064 1408 ) 
4 161 165 (-7184 7920 1280 ) (-7184 7792 1280 ) (-7184 7792 1408 ) (-7184 7920 1408 ) 
4 162 166 (-7184 7696 1280 ) (-7184 7584 1280 ) (-7184 7584 1408 ) (-7184 7696 1408 ) 
4 163 302 (-7168 7168 1280 ) (-7168 7168 1408 ) (-7184 7168 1408 ) (-7184 7168 1280 ) 
4 163 166 (-7184 7200 1280 ) (-7184 7168 1280 ) (-7184 7168 1408 ) (-7184 7200 1408 ) 
4 164 167 (-7328 8192 1280 ) (-7328 8080 1280 ) (-7328 8080 1408 ) (-7328 8192 1408 ) 
4 166 302 (-7184 7168 1408 ) (-7312 7168 1408 ) (-7312 7168 1280 ) (-7184 7168 1280 ) 
4 167 304 (-7328 7168 1408 ) (-7456 7168 1408 ) (-7456 7168 1280 ) (-7328 7168 1280 ) 
4 168 172 (-4960 6848 736 ) (-4960 6768 736 ) (-4960 6768 864 ) (-4960 6848 864 ) 
4 169 178 (-4528 6416 736 ) (-4528 6592 736 ) (-4384 6592 736 ) (-4384 6416 736 ) 
4 169 173 (-4528 6304 736 ) (-4096 6304 736 ) (-4096 6304 864 ) (-4528 6304 864 ) 
4 169 170 (-4528 6704 864 ) (-4528 6704 736 ) (-4528 6320 736 ) (-4528 6320 864 ) 
4 171 175 (-4960 6304 736 ) (-4832 6304 736 ) (-4832 6304 864 ) (-4960 6304 864 ) 
4 172 176 (-4976 6848 736 ) (-4976 6768 736 ) (-4976 6768 864 ) (-4976 6848 864 ) 
4 173 231 (-4096 6144 736 ) (-4096 6144 864 ) (-4528 6144 864 ) (-4528 6144 736 ) 
4 174 232 (-4544 6144 864 ) (-4672 6144 864 ) (-4672 6144 736 ) (-4544 6144 736 ) 
4 174 175 (-4672 6304 864 ) (-4672 6304 736 ) (-4672 6176 736 ) (-4672 6176 864 ) 
4 176 177 (-5104 6544 736 ) (-5104 6416 736 ) (-5104 6416 864 ) (-5104 6544 864 ) 
4 177 223 (-5120 6416 864 ) (-5120 6544 864 ) (-5120 6544 736 ) (-5120 6416 736 ) 
4 178 183 (-4480 6416 720 ) (-4512 6416 720 ) (-4512 6592 720 ) (-4480 6592 720 ) 
4 178 181 (-4464 6416 720 ) (-4480 6416 720 ) (-4480 6592 720 ) (-4464 6592 720 ) 
4 178 180 (-4384 6592 720 ) (-4384 6416 720 ) (-4464 6416 720 ) (-4464 6592 720 ) 
4 179 188 (-4240 6416 704 ) (-4368 6416 704 ) (-4368 6416 576 ) (-4240 6416 576 ) 
4 179 185 (-4384 6592 640 ) (-4384 6592 592 ) (-4384 6416 592 ) (-4384 6416 640 ) 
4 179 182 (-4384 6592 656 ) (-4384 6592 640 ) (-4384 6416 640 ) (-4384 6416 656 ) 
4 179 180 (-4384 6592 704 ) (-4384 6592 656 ) (-4384 6416 656 ) (-4384 6416 704 ) 
4 180 182 (-4448 6592 656 ) (-4384 6592 656 ) (-4384 6416 656 ) (-4448 6416 656 ) 
4 180 181 (-4464 6592 720 ) (-4464 6592 672 ) (-4464 6416 672 ) (-4464 6416 720 ) 
4 181 184 (-4480 6592 704 ) (-4480 6592 688 ) (-4480 6416 688 ) (-4480 6416 704 ) 
4 181 183 (-4480 6592 720 ) (-4480 6592 704 ) (-4480 6416 704 ) (-4480 6416 720 ) 
4 182 187 (-4432 6592 640 ) (-4416 6592 640 ) (-4416 6416 640 ) (-4432 6416 640 ) 
4 182 186 (-4416 6592 640 ) (-4400 6592 640 ) (-4400 6416 640 ) (-4416 6416 640 ) 
4 182 185 (-4400 6592 640 ) (-4384 6592 640 ) (-4384 6416 640 ) (-4400 6416 640 ) 
4 183 184 (-4496 6592 704 ) (-4480 6592 704 ) (-4480 6416 704 ) (-4496 6416 704 ) 
4 185 186 (-4400 6416 608 ) (-4400 6416 640 ) (-4400 6592 640 ) (-4400 6592 608 ) 
4 186 187 (-4416 6416 624 ) (-4416 6416 640 ) (-4416 6592 640 ) (-4416 6592 624 ) 
4 188 251 (-4240 6144 704 ) (-4368 6144 704 ) (-4368 6144 576 ) (-4240 6144 576 ) 
4 189 197 (-5649.882812 6416 1280 ) (-5792 6416 1280 ) (-5792 6544 1280 ) (-5649.882812 6544 1280 ) 
4 189 192 (-5824 6544 1280 ) (-5824 6416 1280 ) (-5824 6416 1408 ) (-5824 6544 1408 ) 
4 190 192 (-5904 6800 1280 ) (-5824 6800 1280 ) (-5824 6800 1408 ) (-5904 6800 1408 ) 
4 191 196 (-6016 6944 1280 ) (-6016 6800 1280 ) (-6016 6800 1408 ) (-6016 6944 1408 ) 
4 191 194 (-6016 7168 1280 ) (-6016 6944 1280 ) (-6016 6944 1408 ) (-6016 7168 1408 ) 
4 192 193 (-5904 6784 1280 ) (-5904 6416 1280 ) (-5904 6416 1408 ) (-5904 6784 1408 ) 
4 194 196 (-6096 6944 1280 ) (-6016 6944 1280 ) (-6016 6944 1408 ) (-6096 6944 1408 ) 
4 195 279 (-6144 7056 1280 ) (-6144 6944 1280 ) (-6144 6944 1408 ) (-6144 7056 1408 ) 
4 195 277 (-6144 7168 1408 ) (-6144 7168 1280 ) (-6144 7056 1280 ) (-6144 7056 1408 ) 
4 195 196 (-6144 6944 1280 ) (-6112 6944 1280 ) (-6112 6944 1408 ) (-6144 6944 1408 ) 
4 196 279 (-6144 6944 1280 ) (-6144 6800 1280 ) (-6144 6800 1408 ) (-6144 6944 1408 ) 
4 197 208 (-5760 6416 1264 ) (-5776 6416 1264 ) (-5776 6544 1264 ) (-5760 6544 1264 ) 
4 197 206 (-5744 6416 1264 ) (-5760 6416 1264 ) (-5760 6544 1264 ) (-5744 6544 1264 ) 
4 197 205 (-5680 6416 1264 ) (-5744 6416 1264 ) (-5744 6544 1264 ) (-5680 6544 1264 ) 
4 197 204 (-5664 6416 1264 ) (-5680 6416 1264 ) (-5680 6544 1264 ) (-5664 6544 1264 ) 
4 197 203 (-5648 6416 1264 ) (-5664 6416 1264 ) (-5664 6544 1264 ) (-5648 6544 1264 ) 
4 197 202 (-5632 6416 1264 ) (-5648 6416 1264 ) (-5648 6544 1264 ) (-5632 6544 1264 ) 
4 197 201 (-5630.117676 6416 1264 ) (-5632 6416 1264 ) (-5632 6544 1264 ) (-5630.117676 6544 1264 ) 
4 198 200 (-5584 6544 1072 ) (-5392.941406 6544 1072 ) (-5392.941406 6416 1072 ) (-5584 6416 1072 ) 
4 198 199 (-5600 6416 1239.619385 ) (-5600 6544 1239.619385 ) (-5600 6544 1088 ) (-5600 6416 1088 ) 
4 199 201 (-5616 6416 1252.571411 ) (-5616 6544 1252.571411 ) (-5616 6544 1104 ) (-5616 6416 1104 ) 
4 200 221 (-5536 6416 1056 ) (-5568 6416 1056 ) (-5568 6544 1056 ) (-5536 6544 1056 ) 
4 200 219 (-5520 6416 1056 ) (-5536 6416 1056 ) (-5536 6544 1056 ) (-5520 6544 1056 ) 
4 200 218 (-5504 6416 1056 ) (-5520 6416 1056 ) (-5520 6544 1056 ) (-5504 6544 1056 ) 
4 200 217 (-5472 6416 1056 ) (-5504 6416 1056 ) (-5504 6544 1056 ) (-5472 6544 1056 ) 
4 200 216 (-5456 6416 1056 ) (-5472 6416 1056 ) (-5472 6544 1056 ) (-5456 6544 1056 ) 
4 200 215 (-5440 6416 1056 ) (-5456 6416 1056 ) (-5456 6544 1056 ) (-5440 6544 1056 ) 
4 200 214 (-5424 6416 1056 ) (-5440 6416 1056 ) (-5440 6544 1056 ) (-5424 6544 1056 ) 
4 200 213 (-5408 6416 1056 ) (-5424 6416 1056 ) (-5424 6544 1056 ) (-5408 6544 1056 ) 
4 200 212 (-5392 6416 1056 ) (-5408 6416 1056 ) (-5408 6544 1056 ) (-5392 6544 1056 ) 
4 200 211 (-5373.176758 6416 1056 ) (-5392 6416 1056 ) (-5392 6544 1056 ) (-5373.176758 6544 1056 ) 
4 201 202 (-5632 6416 1120 ) (-5632 6416 1264 ) (-5632 6544 1264 ) (-5632 6544 1120 ) 
4 202 203 (-5648 6544 1264 ) (-5648 6544 1136 ) (-5648 6416 1136 ) (-5648 6416 1264 ) 
4 203 204 (-5664 6416 1264 ) (-5664 6544 1264 ) (-5664 6544 1152 ) (-5664 6416 1152 ) 
4 204 209 (-5680 6416 1168 ) (-5680 6416 1200 ) (-5680 6544 1200 ) (-5680 6544 1168 ) 
4 204 207 (-5680 6416 1200 ) (-5680 6416 1216 ) (-5680 6544 1216 ) (-5680 6544 1200 ) 
4 204 205 (-5680 6416 1216 ) (-5680 6416 1264 ) (-5680 6544 1264 ) (-5680 6544 1216 ) 
4 205 207 (-5728 6544 1216 ) (-5680 6544 1216 ) (-5680 6416 1216 ) (-5728 6416 1216 ) 
4 205 206 (-5744 6544 1264 ) (-5744 6544 1232 ) (-5744 6416 1232 ) (-5744 6416 1264 ) 
4 206 208 (-5760 6416 1264 ) (-5760 6544 1264 ) (-5760 6544 1248 ) (-5760 6416 1248 ) 
4 207 210 (-5696 6416 1200 ) (-5712 6416 1200 ) (-5712 6544 1200 ) (-5696 6544 1200 ) 
4 207 209 (-5680 6544 1200 ) (-5680 6416 1200 ) (-5696 6416 1200 ) (-5696 6544 1200 ) 
4 209 210 (-5696 6544 1200 ) (-5696 6544 1184 ) (-5696 6416 1184 ) (-5696 6416 1200 ) 
4 211 230 (-5360 6416 864 ) (-5376 6416 864 ) (-5376 6544 864 ) (-5360 6544 864 ) 
4 211 229 (-5344 6416 864 ) (-5360 6416 864 ) (-5360 6544 864 ) (-5344 6544 864 ) 
4 211 228 (-5328 6416 864 ) (-5344 6416 864 ) (-5344 6544 864 ) (-5328 6544 864 ) 
4 211 227 (-5312 6416 864 ) (-5328 6416 864 ) (-5328 6544 864 ) (-5312 6544 864 ) 
4 211 226 (-5296 6416 864 ) (-5312 6416 864 ) (-5312 6544 864 ) (-5296 6544 864 ) 
4 211 225 (-5280 6416 864 ) (-5296 6416 864 ) (-5296 6544 864 ) (-5280 6544 864 ) 
4 211 224 (-5264 6416 864 ) (-5280 6416 864 ) (-5280 6544 864 ) (-5264 6544 864 ) 
4 211 223 (-5136 6416 864 ) (-5264 6416 864 ) (-5264 6544 864 ) (-5136 6544 864 ) 
4 211 212 (-5392 6416 880 ) (-5392 6416 1056 ) (-5392 6544 1056 ) (-5392 6544 880 ) 
4 212 213 (-5408 6416 896 ) (-5408 6416 1056 ) (-5408 6544 1056 ) (-5408 6544 896 ) 
4 213 214 (-5424 6416 912 ) (-5424 6416 1056 ) (-5424 6544 1056 ) (-5424 6544 912 ) 
4 214 215 (-5440 6544 1056 ) (-5440 6544 928 ) (-5440 6416 928 ) (-5440 6416 1056 ) 
4 215 216 (-5456 6416 944 ) (-5456 6416 1056 ) (-5456 6544 1056 ) (-5456 6544 944 ) 
4 216 220 (-5472 6544 976 ) (-5472 6544 960 ) (-5472 6416 960 ) (-5472 6416 976 ) 
4 216 217 (-5472 6416 1056 ) (-5472 6544 1056 ) (-5472 6544 976 ) (-5472 6416 976 ) 
4 217 220 (-5472 6544 976 ) (-5472 6416 976 ) (-5488 6416 976 ) (-5488 6544 976 ) 
4 217 218 (-5504 6544 1056 ) (-5504 6544 992 ) (-5504 6416 992 ) (-5504 6416 1056 ) 
4 218 219 (-5520 6416 1008 ) (-5520 6416 1056 ) (-5520 6544 1056 ) (-5520 6544 1008 ) 
4 219 222 (-5536 6544 1040 ) (-5536 6544 1024 ) (-5536 6416 1024 ) (-5536 6416 1040 ) 
4 219 221 (-5536 6416 1056 ) (-5536 6544 1056 ) (-5536 6544 1040 ) (-5536 6416 1040 ) 
4 221 222 (-5552 6544 1040 ) (-5536 6544 1040 ) (-5536 6416 1040 ) (-5552 6416 1040 ) 
4 223 224 (-5264 6544 864 ) (-5264 6544 752 ) (-5264 6416 752 ) (-5264 6416 864 ) 
4 224 225 (-5280 6416 768 ) (-5280 6416 864 ) (-5280 6544 864 ) (-5280 6544 768 ) 
4 225 226 (-5296 6416 784 ) (-5296 6416 864 ) (-5296 6544 864 ) (-5296 6544 784 ) 
4 226 227 (-5312 6416 800 ) (-5312 6416 864 ) (-5312 6544 864 ) (-5312 6544 800 ) 
4 227 228 (-5328 6544 864 ) (-5328 6544 816 ) (-5328 6416 816 ) (-5328 6416 864 ) 
4 228 229 (-5344 6416 832 ) (-5344 6416 864 ) (-5344 6544 864 ) (-5344 6544 832 ) 
4 229 230 (-5360 6416 864 ) (-5360 6544 864 ) (-5360 6544 848 ) (-5360 6416 848 ) 
4 231 235 (-4528 5744 736 ) (-4096 5744 736 ) (-4096 5744 864 ) (-4528 5744 864 ) 
4 232 233 (-4672 5888 736 ) (-4544 5888 736 ) (-4544 5888 864 ) (-4672 5888 864 ) 
4 233 234 (-4960 5888 864 ) (-4960 5888 736 ) (-4960 5760 736 ) (-4960 5760 864 ) 
4 234 238 (-5088 5744 736 ) (-4960 5744 736 ) (-4960 5744 864 ) (-5088 5744 864 ) 
4 236 241 (-4112 5216 736 ) (-4096 5216 736 ) (-4096 5216 864 ) (-4112 5216 864 ) 
4 236 237 (-4944 5344 736 ) (-4944 5216 736 ) (-4944 5216 864 ) (-4944 5344 864 ) 
4 237 238 (-4960 5344 736 ) (-4960 5216 736 ) (-4960 5216 864 ) (-4960 5344 864 ) 
4 238 239 (-5088 5296 736 ) (-5088 5216 736 ) (-5088 5216 864 ) (-5088 5296 864 ) 
4 239 240 (-5104 5296 736 ) (-5104 5216 736 ) (-5104 5216 864 ) (-5104 5296 864 ) 
4 240 252 (-5120 5408 736 ) (-5120 5216 736 ) (-5120 5216 864 ) (-5120 5408 864 ) 
4 241 253 (-4096 5120 736 ) (-4096 5120 864 ) (-4112 5120 864 ) (-4112 5120 736 ) 
4 242 246 (-4160 5936 528 ) (-4176 5936 528 ) (-4176 6064 528 ) (-4160 6064 528 ) 
4 242 245 (-4096 6064 528 ) (-4096 5936 528 ) (-4160 5936 528 ) (-4160 6064 528 ) 
4 242 243 (-4192 5936 544 ) (-4192 5936 704 ) (-4192 6064 704 ) (-4192 6064 544 ) 
4 243 244 (-4208 5936 560 ) (-4208 5936 704 ) (-4208 6064 704 ) (-4208 6064 560 ) 
4 244 250 (-4224 5936 704 ) (-4224 6064 704 ) (-4224 6064 576 ) (-4224 5936 576 ) 
4 245 249 (-4128 5936 496 ) (-4144 5936 496 ) (-4144 6064 496 ) (-4128 6064 496 ) 
4 245 248 (-4112 5936 496 ) (-4128 5936 496 ) (-4128 6064 496 ) (-4112 6064 496 ) 
4 245 247 (-4096 6064 496 ) (-4096 5936 496 ) (-4112 5936 496 ) (-4112 6064 496 ) 
4 245 246 (-4160 5936 512 ) (-4160 5936 528 ) (-4160 6064 528 ) (-4160 6064 512 ) 
4 247 248 (-4112 5936 464 ) (-4112 5936 496 ) (-4112 6064 496 ) (-4112 6064 464 ) 
4 248 249 (-4128 5936 496 ) (-4128 6064 496 ) (-4128 6064 480 ) (-4128 5936 480 ) 
4 250 251 (-4240 5936 704 ) (-4240 6064 704 ) (-4240 6064 576 ) (-4240 5936 576 ) 
4 254 271 (-7024 6336 1600 ) (-7024 6320 1600 ) (-7152 6320 1600 ) (-7152 6336 1600 ) 
4 254 270 (-7024 6416 1600 ) (-7024 6336 1600 ) (-7152 6336 1600 ) (-7152 6416 1600 ) 
4 254 269 (-7024 6432 1600 ) (-7024 6416 1600 ) (-7152 6416 1600 ) (-7152 6432 1600 ) 
4 254 268 (-7024 6448 1600 ) (-7024 6432 1600 ) (-7152 6432 1600 ) (-7152 6448 1600 ) 
4 254 266 (-7024 6464 1600 ) (-7024 6448 1600 ) (-7152 6448 1600 ) (-7152 6464 1600 ) 
4 254 265 (-7152 6560.012207 1600 ) (-7024 6560.012207 1600 ) (-7024 6464 1600 ) (-7152 6464 1600 ) 
4 254 255 (-7152 6304 1856.011719 ) (-7152 6304 1616 ) (-7024 6304 1616 ) (-7024 6304 1856.011719 ) 
4 255 256 (-7024 6288 1632 ) (-7024 6288 1872.010010 ) (-7152 6288 1872.010010 ) (-7152 6288 1632 ) 
4 256 257 (-7024 6272 1648 ) (-7024 6272 1888.012695 ) (-7152 6272 1888.012695 ) (-7152 6272 1648 ) 
4 257 258 (-7024 6256 1904.013428 ) (-7152 6256 1904.013428 ) (-7152 6256 1664 ) (-7024 6256 1664 ) 
4 258 259 (-7024 6240 1680 ) (-7024 6240 1920.012695 ) (-7152 6240 1920.012695 ) (-7152 6240 1680 ) 
4 259 260 (-7024 6224 1696 ) (-7024 6224 1936.012085 ) (-7152 6224 1936.012085 ) (-7152 6224 1696 ) 
4 260 262 (-7152 6208 1728 ) (-7152 6208 1712 ) (-7024 6208 1712 ) (-7024 6208 1728 ) 
4 260 261 (-7024 6208 1952.012329 ) (-7152 6208 1952.012329 ) (-7152 6208 1728 ) (-7024 6208 1728 ) 
4 261 263 (-7024 6176 1952 ) (-7152 6176 1952 ) (-7152 6176 1744 ) (-7024 6176 1744 ) 
4 261 262 (-7152 6192 1728 ) (-7152 6208 1728 ) (-7024 6208 1728 ) (-7024 6192 1728 ) 
4 263 264 (-7152 6160 1952 ) (-7152 6160 1760 ) (-7024 6160 1760 ) (-7024 6160 1952 ) 
4 264 299 (-7152 6144 1824 ) (-7152 6144 1776 ) (-7024 6144 1776 ) (-7024 6144 1824 ) 
4 264 298 (-7024 6144 1952 ) (-7152 6144 1952 ) (-7152 6144 1824 ) (-7024 6144 1824 ) 
4 265 267 (-7152 6480 1440 ) (-7152 6720.010254 1440 ) (-7024 6720.010254 1440 ) (-7024 6480 1440 ) 
4 265 266 (-7152 6464 1600 ) (-7152 6464 1456 ) (-7024 6464 1456 ) (-7024 6464 1600 ) 
4 266 268 (-7024 6448 1600 ) (-7152 6448 1600 ) (-7152 6448 1472 ) (-7024 6448 1472 ) 
4 267 276 (-7152 6736.012695 1424 ) (-7024 6736.012695 1424 ) (-7024 6496 1424 ) (-7152 6496 1424 ) 
4 268 269 (-7152 6432 1600 ) (-7152 6432 1488 ) (-7024 6432 1488 ) (-7024 6432 1600 ) 
4 269 274 (-7152 6416 1536 ) (-7152 6416 1504 ) (-7024 6416 1504 ) (-7024 6416 1536 ) 
4 269 272 (-7152 6416 1568 ) (-7152 6416 1536 ) (-7024 6416 1536 ) (-7024 6416 1568 ) 
4 269 270 (-7024 6416 1600 ) (-7152 6416 1600 ) (-7152 6416 1568 ) (-7024 6416 1568 ) 
4 270 273 (-7024 6368 1568 ) (-7024 6352 1568 ) (-7152 6352 1568 ) (-7152 6368 1568 ) 
4 270 272 (-7152 6416 1568 ) (-7024 6416 1568 ) (-7024 6368 1568 ) (-7152 6368 1568 ) 
4 270 271 (-7152 6336 1600 ) (-7152 6336 1584 ) (-7024 6336 1584 ) (-7024 6336 1600 ) 
4 272 275 (-7024 6400 1536 ) (-7024 6384 1536 ) (-7152 6384 1536 ) (-7152 6400 1536 ) 
4 272 274 (-7152 6416 1536 ) (-7024 6416 1536 ) (-7024 6400 1536 ) (-7152 6400 1536 ) 
4 272 273 (-7152 6368 1568 ) (-7152 6368 1552 ) (-7024 6368 1552 ) (-7024 6368 1568 ) 
4 274 275 (-7152 6400 1536 ) (-7152 6400 1520 ) (-7024 6400 1520 ) (-7024 6400 1536 ) 
4 276 295 (-7024 6528 1408 ) (-7024 6512 1408 ) (-7152 6512 1408 ) (-7152 6528 1408 ) 
4 276 294 (-7024 6544 1408 ) (-7024 6528 1408 ) (-7152 6528 1408 ) (-7152 6544 1408 ) 
4 276 293 (-7024 6592 1408 ) (-7024 6544 1408 ) (-7152 6544 1408 ) (-7152 6592 1408 ) 
4 276 290 (-7024 6608 1408 ) (-7024 6592 1408 ) (-7152 6592 1408 ) (-7152 6608 1408 ) 
4 276 289 (-7152 6752.012207 1408 ) (-7024 6752.012207 1408 ) (-7024 6608 1408 ) (-7152 6608 1408 ) 
4 277 279 (-6256 7056 1280 ) (-6144 7056 1280 ) (-6144 7056 1408 ) (-6256 7056 1408 ) 
4 277 278 (-6256 7168 1280 ) (-6256 7072 1280 ) (-6256 7072 1408 ) (-6256 7168 1408 ) 
4 278 281 (-6368 7168 1280 ) (-6368 7072 1280 ) (-6368 7072 1408 ) (-6368 7168 1408 ) 
4 280 282 (-6368 6928 1280 ) (-6368 6800 1280 ) (-6368 6800 1408 ) (-6368 6928 1408 ) 
4 281 283 (-6384 7168 1280 ) (-6384 7072 1280 ) (-6384 7072 1408 ) (-6384 7168 1408 ) 
4 282 283 (-6384 6928 1280 ) (-6384 6800 1280 ) (-6384 6800 1408 ) (-6384 6928 1408 ) 
4 284 287 (-6896 7056 1280 ) (-6784 7056 1280 ) (-6784 7056 1408 ) (-6896 7056 1408 ) 
4 285 287 (-7024 7056 1280 ) (-6912 7056 1280 ) (-6912 7056 1408 ) (-7024 7056 1408 ) 
4 285 286 (-7024 7168 1280 ) (-7024 7072 1280 ) (-7024 7072 1408 ) (-7024 7168 1408 ) 
4 286 302 (-7168 7168 1408 ) (-7168 7168 1280 ) (-7168 7072 1280 ) (-7168 7072 1408 ) 
4 287 303 (-7168 7056 1280 ) (-7168 6928 1280 ) (-7168 6928 1408 ) (-7168 7056 1408 ) 
4 288 305 (-7168 6912 1280 ) (-7168 6800 1280 ) (-7168 6800 1408 ) (-7168 6912 1408 ) 
4 288 292 (-7168 6800 1280 ) (-7152 6800 1280 ) (-7152 6800 1408 ) (-7168 6800 1408 ) 
4 288 291 (-7152 6800 1280 ) (-7024 6800 1280 ) (-7024 6800 1296 ) (-7152 6800 1296 ) 
4 288 289 (-7024 6800 1296 ) (-7024 6800 1408 ) (-7152 6800 1408 ) (-7152 6800 1296 ) 
4 289 292 (-7152 6800 1408 ) (-7152 6800 1296 ) (-7152 6768 1296 ) (-7152 6768 1408 ) 
4 289 291 (-7152 6624 1296 ) (-7152 6800 1296 ) (-7024 6800 1296 ) (-7024 6624 1296 ) 
4 289 290 (-7152 6608 1408 ) (-7152 6608 1312 ) (-7024 6608 1312 ) (-7024 6608 1408 ) 
4 290 296 (-7024 6592 1328 ) (-7024 6592 1360 ) (-7152 6592 1360 ) (-7152 6592 1328 ) 
4 290 293 (-7024 6592 1360 ) (-7024 6592 1408 ) (-7152 6592 1408 ) (-7152 6592 1360 ) 
4 291 292 (-7152 6800 1296 ) (-7152 6800 1280 ) (-7152 6768 1280 ) (-7152 6768 1296 ) 
4 292 305 (-7168 6800 1280 ) (-7168 6768 1280 ) (-7168 6768 1408 ) (-7168 6800 1408 ) 
4 293 297 (-7024 6576 1360 ) (-7024 6560 1360 ) (-7152 6560 1360 ) (-7152 6576 1360 ) 
4 293 296 (-7152 6592 1360 ) (-7024 6592 1360 ) (-7024 6576 1360 ) (-7152 6576 1360 ) 
4 293 294 (-7024 6544 1376 ) (-7024 6544 1408 ) (-7152 6544 1408 ) (-7152 6544 1376 ) 
4 294 295 (-7024 6528 1392 ) (-7024 6528 1408 ) (-7152 6528 1408 ) (-7152 6528 1392 ) 
4 296 297 (-7152 6576 1360 ) (-7152 6576 1344 ) (-7024 6576 1344 ) (-7024 6576 1360 ) 
4 298 301 (-7024 6112 1824 ) (-7024 6096 1824 ) (-7152 6096 1824 ) (-7152 6112 1824 ) 
4 298 300 (-7024 6128 1824 ) (-7024 6112 1824 ) (-7152 6112 1824 ) (-7152 6128 1824 ) 
4 298 299 (-7152 6144 1824 ) (-7024 6144 1824 ) (-7024 6128 1824 ) (-7152 6128 1824 ) 
4 299 300 (-7024 6128 1792 ) (-7024 6128 1824 ) (-7152 6128 1824 ) (-7152 6128 1792 ) 
4 300 301 (-7024 6112 1808 ) (-7024 6112 1824 ) (-7152 6112 1824 ) (-7152 6112 1808 ) 
4 304 306 (-7456 6928 1408 ) (-7456 6928 1280 ) (-7376 6928 1280 ) (-7376 6928 1408 ) 
4 305 306 (-7376 6912 1280 ) (-7376 6768 1280 ) (-7376 6768 1408 ) (-7376 6912 1408 ) 
