PRT1
45
108
4 0 2 (2048 0 -168 ) (2048 0 448 ) (2048 1024 448 ) (2048 1024 -168 ) 
4 0 1 (3072 0 -168 ) (3072 0 448 ) (2048 0 448 ) (2048 0 -168 ) 
4 1 41 (3072 -1024 -168 ) (3072 -1024 448 ) (2048 -1024 448 ) (2048 -1024 -168 ) 
4 1 15 (2048 -1024 -168 ) (2048 -1024 448 ) (2048 0 448 ) (2048 0 -168 ) 
4 2 15 (2048 0 -168 ) (2048 0 448 ) (1024 0 448 ) (1024 0 -168 ) 
4 2 14 (1024 0 -168 ) (1024 0 -160 ) (1024 1024 -160 ) (1024 1024 -168 ) 
4 2 11 (1024 0 -160 ) (1024 0 -128 ) (1024 1024 -128 ) (1024 1024 -160 ) 
4 2 7 (1024 0 -128 ) (1024 0 112 ) (1024 1024 112 ) (1024 1024 -128 ) 
4 2 3 (1024 0 112 ) (1024 0 448 ) (1024 1024 448 ) (1024 1024 112 ) 
4 3 16 (1024 0 112 ) (1024 0 448 ) (540 0 448 ) (540 0 112 ) 
4 3 7 (1024 0 112 ) (540 0 112 ) (540 1024 112 ) (1024 1024 112 ) 
4 3 5 (540 0 144 ) (540 0 448 ) (540 100 448 ) (540 100 144 ) 
4 3 4 (540 1024 112 ) (540 100 112 ) (540 100 448 ) (540 1024 448 ) 
4 4 8 (124 100 112 ) (124 1024 112 ) (540 1024 112 ) (540 100 112 ) 
4 4 5 (124 100 448 ) (124 100 144 ) (540 100 144 ) (540 100 448 ) 
4 4 6 (124 1024 112 ) (124 100 112 ) (124 100 448 ) (124 1024 448 ) 
4 5 30 (540 0 448 ) (124 0 448 ) (124 0 144 ) (540 0 144 ) 
4 5 6 (124 0 144 ) (124 0 448 ) (124 100 448 ) (124 100 144 ) 
4 6 32 (124 0 448 ) (0 0 448 ) (0 0 112 ) (124 0 112 ) 
4 6 10 (124 0 112 ) (0 0 112 ) (0 1024 112 ) (124 1024 112 ) 
4 7 16 (1024 0 -128 ) (1024 0 112 ) (540 0 112 ) (540 0 -128 ) 
4 7 11 (540 1024 -128 ) (1024 1024 -128 ) (1024 0 -128 ) (540 0 -128 ) 
4 7 8 (540 1024 -128 ) (540 100 -128 ) (540 100 112 ) (540 1024 112 ) 
4 8 12 (124 1024 -128 ) (540 1024 -128 ) (540 100 -128 ) (124 100 -128 ) 
4 8 10 (124 1024 -128 ) (124 100 -128 ) (124 100 112 ) (124 1024 112 ) 
4 9 35 (536 0 112 ) (128 0 112 ) (128 0 -128 ) (536 0 -128 ) 
4 10 37 (124 0 112 ) (0 0 112 ) (0 0 -128 ) (124 0 -128 ) 
4 10 13 (0 1024 -128 ) (124 1024 -128 ) (124 0 -128 ) (0 0 -128 ) 
4 11 27 (608 0 -152 ) (540 0 -152 ) (540 0 -160 ) (608 0 -160 ) 
4 11 26 (1024 0 -160 ) (1024 0 -152 ) (608 0 -152 ) (608 0 -160 ) 
4 11 24 (600 0 -144 ) (540 0 -144 ) (540 0 -152 ) (600 0 -152 ) 
4 11 23 (1024 0 -152 ) (1024 0 -144 ) (600 0 -144 ) (600 0 -152 ) 
4 11 21 (588 0 -136 ) (540 0 -136 ) (540 0 -144 ) (588 0 -144 ) 
4 11 20 (1024 0 -144 ) (1024 0 -136 ) (588 0 -136 ) (588 0 -144 ) 
4 11 18 (576 0 -128 ) (540 0 -128 ) (540 0 -136 ) (576 0 -136 ) 
4 11 17 (1024 0 -136 ) (1024 0 -128 ) (576 0 -128 ) (576 0 -136 ) 
4 11 14 (1024 0 -160 ) (540 0 -160 ) (540 1024 -160 ) (1024 1024 -160 ) 
4 11 12 (540 1024 -160 ) (540 100 -160 ) (540 100 -128 ) (540 1024 -128 ) 
4 12 14 (124 100 -160 ) (124 1024 -160 ) (540 1024 -160 ) (540 100 -160 ) 
4 12 13 (124 1024 -160 ) (124 100 -160 ) (124 100 -128 ) (124 1024 -128 ) 
4 13 39 (124 0 -128 ) (0 0 -128 ) (0 0 -160 ) (124 0 -160 ) 
4 13 14 (124 0 -160 ) (0 0 -160 ) (0 1024 -160 ) (124 1024 -160 ) 
4 14 40 (540 0 -160 ) (0 0 -160 ) (0 0 -168 ) (540 0 -168 ) 
4 14 29 (1024 0 -168 ) (1024 0 -160 ) (540 0 -160 ) (540 0 -168 ) 
4 15 43 (2048 -1024 -168 ) (2048 -1024 448 ) (1524 -1024 448 ) (1524 -1024 -168 ) 
4 15 29 (1024 0 -160 ) (1024 0 -168 ) (1024 -1024 -168 ) (1024 -1024 -160 ) 
4 15 26 (1024 0 -152 ) (1024 0 -160 ) (1024 -1024 -160 ) (1024 -1024 -152 ) 
4 15 23 (1024 0 -144 ) (1024 0 -152 ) (1024 -1024 -152 ) (1024 -1024 -144 ) 
4 15 20 (1024 0 -136 ) (1024 0 -144 ) (1024 -1024 -144 ) (1024 -1024 -136 ) 
4 15 17 (1024 0 -128 ) (1024 0 -136 ) (1024 -1024 -136 ) (1024 -1024 -128 ) 
4 15 16 (1024 0 448 ) (1024 0 -128 ) (1024 -1024 -128 ) (1024 -1024 448 ) 
4 16 34 (540 -1024 -128 ) (540 -1024 112 ) (540 -384 112 ) (540 -384 -128 ) 
4 16 33 (540 -120 -20 ) (540 -120 -128 ) (540 -168 -128 ) (540 -168 -20 ) 
4 16 30 (540 -384 448 ) (540 0 448 ) (540 0 144 ) (540 -384 144 ) 
4 16 31 (540 -1024 112 ) (540 -1024 448 ) (540 -384 448 ) (540 -384 112 ) 
4 16 18 (540 -80 -128 ) (540 0 -128 ) (576 0 -128 ) (576 -80 -128 ) 
4 16 19 (576 -1024 -128 ) (540 -1024 -128 ) (540 -208 -128 ) (576 -208 -128 ) 
4 16 17 (1024 -1024 -128 ) (576 -1024 -128 ) (576 0 -128 ) (1024 0 -128 ) 
4 17 21 (576 0 -136 ) (588 0 -136 ) (588 -72 -136 ) (576 -72 -136 ) 
4 17 22 (588 -216 -136 ) (588 -1024 -136 ) (576 -1024 -136 ) (576 -216 -136 ) 
4 17 20 (588 0 -136 ) (1024 0 -136 ) (1024 -1024 -136 ) (588 -1024 -136 ) 
4 17 18 (576 0 -136 ) (576 -80 -136 ) (576 -80 -128 ) (576 0 -128 ) 
4 17 19 (576 -208 -136 ) (576 -1024 -136 ) (576 -1024 -128 ) (576 -208 -128 ) 
4 18 21 (540 -72 -136 ) (540 0 -136 ) (576 0 -136 ) (576 -72 -136 ) 
4 19 38 (540 -1024 -136 ) (540 -1024 -128 ) (540 -384 -128 ) (540 -384 -136 ) 
4 19 22 (540 -1024 -136 ) (540 -216 -136 ) (576 -216 -136 ) (576 -1024 -136 ) 
4 20 24 (588 -64 -144 ) (588 0 -144 ) (600 0 -144 ) (600 -64 -144 ) 
4 20 25 (600 -1024 -144 ) (588 -1024 -144 ) (588 -224 -144 ) (600 -224 -144 ) 
4 20 23 (1024 -1024 -144 ) (600 -1024 -144 ) (600 0 -144 ) (1024 0 -144 ) 
4 20 21 (588 0 -144 ) (588 -72 -144 ) (588 -72 -136 ) (588 0 -136 ) 
4 20 22 (588 -216 -144 ) (588 -1024 -144 ) (588 -1024 -136 ) (588 -216 -136 ) 
4 21 24 (540 -64 -144 ) (540 0 -144 ) (588 0 -144 ) (588 -64 -144 ) 
4 22 38 (540 -1024 -144 ) (540 -1024 -136 ) (540 -384 -136 ) (540 -384 -144 ) 
4 22 25 (588 -1024 -144 ) (540 -1024 -144 ) (540 -224 -144 ) (588 -224 -144 ) 
4 23 27 (600 0 -152 ) (608 0 -152 ) (608 -48 -152 ) (600 -48 -152 ) 
4 23 28 (608 -244 -152 ) (608 -1024 -152 ) (600 -1024 -152 ) (600 -244 -152 ) 
4 23 26 (608 0 -152 ) (1024 0 -152 ) (1024 -1024 -152 ) (608 -1024 -152 ) 
4 23 24 (600 0 -152 ) (600 -64 -152 ) (600 -64 -144 ) (600 0 -144 ) 
4 23 25 (600 -224 -152 ) (600 -1024 -152 ) (600 -1024 -144 ) (600 -224 -144 ) 
4 24 27 (540 -48 -152 ) (540 0 -152 ) (600 0 -152 ) (600 -48 -152 ) 
4 25 38 (540 -1024 -152 ) (540 -1024 -144 ) (540 -384 -144 ) (540 -384 -152 ) 
4 25 28 (540 -1024 -152 ) (540 -244 -152 ) (600 -244 -152 ) (600 -1024 -152 ) 
4 26 29 (1024 -1024 -160 ) (608 -1024 -160 ) (608 0 -160 ) (1024 0 -160 ) 
4 26 27 (608 0 -160 ) (608 -48 -160 ) (608 -48 -152 ) (608 0 -152 ) 
4 26 28 (608 -244 -160 ) (608 -1024 -160 ) (608 -1024 -152 ) (608 -244 -152 ) 
4 27 29 (540 -48 -160 ) (540 0 -160 ) (608 0 -160 ) (608 -48 -160 ) 
4 28 38 (540 -1024 -160 ) (540 -1024 -152 ) (540 -384 -152 ) (540 -384 -160 ) 
4 28 29 (608 -1024 -160 ) (540 -1024 -160 ) (540 -244 -160 ) (608 -244 -160 ) 
4 29 40 (540 -1024 -168 ) (540 -1024 -160 ) (540 0 -160 ) (540 0 -168 ) 
4 30 31 (124 -384 448 ) (124 -384 144 ) (540 -384 144 ) (540 -384 448 ) 
4 30 32 (124 -384 144 ) (124 -384 448 ) (124 0 448 ) (124 0 144 ) 
4 31 36 (536 -1024 112 ) (124 -1024 112 ) (124 -384 112 ) (536 -384 112 ) 
4 31 34 (540 -384 112 ) (540 -1024 112 ) (536 -1024 112 ) (536 -384 112 ) 
4 31 32 (124 -384 112 ) (124 -1024 112 ) (124 -1024 448 ) (124 -384 448 ) 
4 32 37 (0 -1024 112 ) (0 0 112 ) (124 0 112 ) (124 -1024 112 ) 
4 33 35 (536 -120 -128 ) (536 -168 -128 ) (536 -168 -20 ) (536 -120 -20 ) 
4 34 38 (540 -384 -128 ) (540 -1024 -128 ) (536 -1024 -128 ) (536 -384 -128 ) 
4 34 36 (536 -384 -128 ) (536 -1024 -128 ) (536 -1024 112 ) (536 -384 112 ) 
4 36 38 (536 -1024 -128 ) (124 -1024 -128 ) (124 -384 -128 ) (536 -384 -128 ) 
4 36 37 (124 -384 -128 ) (124 -1024 -128 ) (124 -1024 112 ) (124 -384 112 ) 
4 37 39 (124 -1024 -128 ) (0 -1024 -128 ) (0 0 -128 ) (124 0 -128 ) 
4 38 40 (540 -384 -160 ) (540 -1024 -160 ) (124 -1024 -160 ) (124 -384 -160 ) 
4 38 39 (124 -384 -160 ) (124 -1024 -160 ) (124 -1024 -128 ) (124 -384 -128 ) 
4 39 40 (0 -1024 -160 ) (0 0 -160 ) (124 0 -160 ) (124 -1024 -160 ) 
4 41 43 (2048 -1024 448 ) (2048 -1024 -168 ) (2048 -2048 -168 ) (2048 -2048 448 ) 
4 41 42 (3072 -2048 -168 ) (3072 -2048 448 ) (2048 -2048 448 ) (2048 -2048 -168 ) 
4 42 44 (2048 -3072 -168 ) (2048 -3072 448 ) (2048 -2048 448 ) (2048 -2048 -168 ) 
4 43 44 (2048 -2048 -168 ) (2048 -2048 448 ) (1524 -2048 448 ) (1524 -2048 -168 ) 
